Archive member included to satisfy reference by file (symbol)

d:/installed/7.0/toolchain/avr8/avr8-gnu-toolchain/bin/../lib/gcc/avr/5.4.0/../../../../avr/lib/avr5\libm.a(fixunssfsi.o)
                              ECU_Layer/US_Sensor/US.o (__fixunssfsi)
d:/installed/7.0/toolchain/avr8/avr8-gnu-toolchain/bin/../lib/gcc/avr/5.4.0/../../../../avr/lib/avr5\libm.a(floatsisf.o)
                              ECU_Layer/US_Sensor/US.o (__floatunsisf)
d:/installed/7.0/toolchain/avr8/avr8-gnu-toolchain/bin/../lib/gcc/avr/5.4.0/../../../../avr/lib/avr5\libm.a(fp_split3.o)
                              d:/installed/7.0/toolchain/avr8/avr8-gnu-toolchain/bin/../lib/gcc/avr/5.4.0/../../../../avr/lib/avr5\libm.a(fixunssfsi.o) (__fp_splitA)
d:/installed/7.0/toolchain/avr8/avr8-gnu-toolchain/bin/../lib/gcc/avr/5.4.0/../../../../avr/lib/avr5\libm.a(fp_zero.o)
                              d:/installed/7.0/toolchain/avr8/avr8-gnu-toolchain/bin/../lib/gcc/avr/5.4.0/../../../../avr/lib/avr5\libm.a(fixunssfsi.o) (__fp_zero)
d:/installed/7.0/toolchain/avr8/avr8-gnu-toolchain/bin/../lib/gcc/avr/5.4.0/../../../../avr/lib/avr5\libm.a(mulsf3.o)
                              ECU_Layer/US_Sensor/US.o (__mulsf3)
d:/installed/7.0/toolchain/avr8/avr8-gnu-toolchain/bin/../lib/gcc/avr/5.4.0/../../../../avr/lib/avr5\libm.a(mulsf3x.o)
                              d:/installed/7.0/toolchain/avr8/avr8-gnu-toolchain/bin/../lib/gcc/avr/5.4.0/../../../../avr/lib/avr5\libm.a(mulsf3.o) (__mulsf3x)
d:/installed/7.0/toolchain/avr8/avr8-gnu-toolchain/bin/../lib/gcc/avr/5.4.0/../../../../avr/lib/avr5\libm.a(fp_inf.o)
                              d:/installed/7.0/toolchain/avr8/avr8-gnu-toolchain/bin/../lib/gcc/avr/5.4.0/../../../../avr/lib/avr5\libm.a(mulsf3x.o) (__fp_inf)
d:/installed/7.0/toolchain/avr8/avr8-gnu-toolchain/bin/../lib/gcc/avr/5.4.0/../../../../avr/lib/avr5\libm.a(fp_nan.o)
                              d:/installed/7.0/toolchain/avr8/avr8-gnu-toolchain/bin/../lib/gcc/avr/5.4.0/../../../../avr/lib/avr5\libm.a(mulsf3x.o) (__fp_nan)
d:/installed/7.0/toolchain/avr8/avr8-gnu-toolchain/bin/../lib/gcc/avr/5.4.0/../../../../avr/lib/avr5\libm.a(fp_pscA.o)
                              d:/installed/7.0/toolchain/avr8/avr8-gnu-toolchain/bin/../lib/gcc/avr/5.4.0/../../../../avr/lib/avr5\libm.a(mulsf3x.o) (__fp_pscA)
d:/installed/7.0/toolchain/avr8/avr8-gnu-toolchain/bin/../lib/gcc/avr/5.4.0/../../../../avr/lib/avr5\libm.a(fp_pscB.o)
                              d:/installed/7.0/toolchain/avr8/avr8-gnu-toolchain/bin/../lib/gcc/avr/5.4.0/../../../../avr/lib/avr5\libm.a(mulsf3x.o) (__fp_pscB)
d:/installed/7.0/toolchain/avr8/avr8-gnu-toolchain/bin/../lib/gcc/avr/5.4.0/../../../../avr/lib/avr5\libm.a(fp_round.o)
                              d:/installed/7.0/toolchain/avr8/avr8-gnu-toolchain/bin/../lib/gcc/avr/5.4.0/../../../../avr/lib/avr5\libm.a(mulsf3.o) (__fp_round)
d:/installed/7.0/toolchain/avr8/avr8-gnu-toolchain/bin/../lib/gcc/avr/5.4.0/avr5\libgcc.a(_divmodhi4.o)
                              MCAL_Layer/Timer0/timer0.o (__divmodhi4)
d:/installed/7.0/toolchain/avr8/avr8-gnu-toolchain/bin/../lib/gcc/avr/5.4.0/avr5\libgcc.a(_udivmodsi4.o)
                              MCAL_Layer/USART/usart.o (__udivmodsi4)
d:/installed/7.0/toolchain/avr8/avr8-gnu-toolchain/bin/../lib/gcc/avr/5.4.0/avr5\libgcc.a(_exit.o)
                              D:/installed/7.0/Packs/atmel/ATmega_DFP/1.7.374/gcc/dev/atmega32/avr5/crtatmega32.o (exit)
d:/installed/7.0/toolchain/avr8/avr8-gnu-toolchain/bin/../lib/gcc/avr/5.4.0/avr5\libgcc.a(_copy_data.o)
                              ECU_Layer/Ecu_Init/ecu_init.o (__do_copy_data)
d:/installed/7.0/toolchain/avr8/avr8-gnu-toolchain/bin/../lib/gcc/avr/5.4.0/avr5\libgcc.a(_clear_bss.o)
                              ECU_Layer/US_Sensor/US.o (__do_clear_bss)
d:/installed/7.0/toolchain/avr8/avr8-gnu-toolchain/bin/../lib/gcc/avr/5.4.0/avr5\libgcc.a(_udivmodhi4.o)
                              d:/installed/7.0/toolchain/avr8/avr8-gnu-toolchain/bin/../lib/gcc/avr/5.4.0/avr5\libgcc.a(_divmodhi4.o) (__udivmodhi4)
d:/installed/7.0/toolchain/avr8/avr8-gnu-toolchain/bin/../lib/gcc/avr/5.4.0/../../../../avr/lib/avr5\libc.a(sprintf.o)
                              ECU_Layer/LCD/LCD.o (sprintf)
d:/installed/7.0/toolchain/avr8/avr8-gnu-toolchain/bin/../lib/gcc/avr/5.4.0/../../../../avr/lib/avr5\libc.a(vfprintf_std.o)
                              d:/installed/7.0/toolchain/avr8/avr8-gnu-toolchain/bin/../lib/gcc/avr/5.4.0/../../../../avr/lib/avr5\libc.a(sprintf.o) (vfprintf)
d:/installed/7.0/toolchain/avr8/avr8-gnu-toolchain/bin/../lib/gcc/avr/5.4.0/../../../../avr/lib/avr5\libc.a(strnlen_P.o)
                              d:/installed/7.0/toolchain/avr8/avr8-gnu-toolchain/bin/../lib/gcc/avr/5.4.0/../../../../avr/lib/avr5\libc.a(vfprintf_std.o) (strnlen_P)
d:/installed/7.0/toolchain/avr8/avr8-gnu-toolchain/bin/../lib/gcc/avr/5.4.0/../../../../avr/lib/avr5\libc.a(strnlen.o)
                              d:/installed/7.0/toolchain/avr8/avr8-gnu-toolchain/bin/../lib/gcc/avr/5.4.0/../../../../avr/lib/avr5\libc.a(vfprintf_std.o) (strnlen)
d:/installed/7.0/toolchain/avr8/avr8-gnu-toolchain/bin/../lib/gcc/avr/5.4.0/../../../../avr/lib/avr5\libc.a(fputc.o)
                              d:/installed/7.0/toolchain/avr8/avr8-gnu-toolchain/bin/../lib/gcc/avr/5.4.0/../../../../avr/lib/avr5\libc.a(vfprintf_std.o) (fputc)
d:/installed/7.0/toolchain/avr8/avr8-gnu-toolchain/bin/../lib/gcc/avr/5.4.0/../../../../avr/lib/avr5\libc.a(ultoa_invert.o)
                              d:/installed/7.0/toolchain/avr8/avr8-gnu-toolchain/bin/../lib/gcc/avr/5.4.0/../../../../avr/lib/avr5\libc.a(vfprintf_std.o) (__ultoa_invert)
d:/installed/7.0/toolchain/avr8/avr8-gnu-toolchain/bin/../lib/gcc/avr/5.4.0/avr5\libgcc.a(_prologue.o)
                              d:/installed/7.0/toolchain/avr8/avr8-gnu-toolchain/bin/../lib/gcc/avr/5.4.0/../../../../avr/lib/avr5\libc.a(sprintf.o) (__prologue_saves__)
d:/installed/7.0/toolchain/avr8/avr8-gnu-toolchain/bin/../lib/gcc/avr/5.4.0/avr5\libgcc.a(_epilogue.o)
                              d:/installed/7.0/toolchain/avr8/avr8-gnu-toolchain/bin/../lib/gcc/avr/5.4.0/../../../../avr/lib/avr5\libc.a(sprintf.o) (__epilogue_restores__)

Allocating common symbols
Common symbol       size              file

P_USART_RX_Complete_Interrupt_Handler
                    0x2               MCAL_Layer/USART/usart.o
us1                 0x2               main.o
P_USART_TX_DR_Empty_Complete_Interrupt_Handler
                    0x2               MCAL_Layer/USART/usart.o
P_USART_TX_Complete_Interrupt_Handler
                    0x2               MCAL_Layer/USART/usart.o
distance            0x2               main.o
P_ADC_InterruptHandler
                    0x2               MCAL_Layer/ADC/adc.o
duration            0x2               main.o
speed               0x1               main.o

Discarded input sections

 .data          0x00000000        0x0 D:/installed/7.0/Packs/atmel/ATmega_DFP/1.7.374/gcc/dev/atmega32/avr5/crtatmega32.o
 .bss           0x00000000        0x0 D:/installed/7.0/Packs/atmel/ATmega_DFP/1.7.374/gcc/dev/atmega32/avr5/crtatmega32.o
 .text          0x00000000        0x0 ECU_Layer/Button/button.o
 .data          0x00000000        0x0 ECU_Layer/Button/button.o
 .bss           0x00000000        0x0 ECU_Layer/Button/button.o
 .text.btn_init
                0x00000000       0x12 ECU_Layer/Button/button.o
 .text.btn_read_state
                0x00000000       0x7c ECU_Layer/Button/button.o
 .debug_info    0x00000000      0x271 ECU_Layer/Button/button.o
 .debug_abbrev  0x00000000      0x153 ECU_Layer/Button/button.o
 .debug_loc     0x00000000      0x1d8 ECU_Layer/Button/button.o
 .debug_aranges
                0x00000000       0x28 ECU_Layer/Button/button.o
 .debug_ranges  0x00000000       0x18 ECU_Layer/Button/button.o
 .debug_line    0x00000000      0x16d ECU_Layer/Button/button.o
 .debug_str     0x00000000      0x263 ECU_Layer/Button/button.o
 .comment       0x00000000       0x31 ECU_Layer/Button/button.o
 .debug_frame   0x00000000       0x58 ECU_Layer/Button/button.o
 .text          0x00000000        0x0 ECU_Layer/DC_Motor/motor.o
 .data          0x00000000        0x0 ECU_Layer/DC_Motor/motor.o
 .bss           0x00000000        0x0 ECU_Layer/DC_Motor/motor.o
 .text.dc_motor_move_right
                0x00000000       0x20 ECU_Layer/DC_Motor/motor.o
 .text.dc_motor_move_left
                0x00000000       0x20 ECU_Layer/DC_Motor/motor.o
 .text.dc_motor_stop
                0x00000000       0x20 ECU_Layer/DC_Motor/motor.o
 .text          0x00000000        0x0 ECU_Layer/Ecu_Init/ecu_init.o
 .data          0x00000000        0x0 ECU_Layer/Ecu_Init/ecu_init.o
 .bss           0x00000000        0x0 ECU_Layer/Ecu_Init/ecu_init.o
 .text.ECU_Init
                0x00000000       0x1a ECU_Layer/Ecu_Init/ecu_init.o
 .text          0x00000000        0x0 ECU_Layer/Keypad/keypad.o
 .data          0x00000000        0x0 ECU_Layer/Keypad/keypad.o
 .bss           0x00000000        0x0 ECU_Layer/Keypad/keypad.o
 .text.keypad_initialize
                0x00000000       0x4e ECU_Layer/Keypad/keypad.o
 .text.keypad_get_value
                0x00000000       0xcc ECU_Layer/Keypad/keypad.o
 .data.keypad_values
                0x00000000       0x10 ECU_Layer/Keypad/keypad.o
 .debug_info    0x00000000      0x3ae ECU_Layer/Keypad/keypad.o
 .debug_abbrev  0x00000000      0x1d6 ECU_Layer/Keypad/keypad.o
 .debug_loc     0x00000000      0x2f5 ECU_Layer/Keypad/keypad.o
 .debug_aranges
                0x00000000       0x28 ECU_Layer/Keypad/keypad.o
 .debug_ranges  0x00000000       0x78 ECU_Layer/Keypad/keypad.o
 .debug_line    0x00000000      0x1fe ECU_Layer/Keypad/keypad.o
 .debug_str     0x00000000      0x2ac ECU_Layer/Keypad/keypad.o
 .comment       0x00000000       0x31 ECU_Layer/Keypad/keypad.o
 .debug_frame   0x00000000       0x80 ECU_Layer/Keypad/keypad.o
 .text          0x00000000        0x0 ECU_Layer/LCD/LCD.o
 .data          0x00000000        0x0 ECU_Layer/LCD/LCD.o
 .bss           0x00000000        0x0 ECU_Layer/LCD/LCD.o
 .text.lcd_8bit_send_enable_signal
                0x00000000       0x20 ECU_Layer/LCD/LCD.o
 .text.lcd_4bit_set_cursor
                0x00000000       0x3e ECU_Layer/LCD/LCD.o
 .text.lcd_4bit_send_char_data
                0x00000000       0x42 ECU_Layer/LCD/LCD.o
 .text.lcd_4bit_send_char_data_pos
                0x00000000       0x28 ECU_Layer/LCD/LCD.o
 .text.lcd_4bit_send_custom_chr
                0x00000000       0x72 ECU_Layer/LCD/LCD.o
 .text.lcd_4bit_send_string
                0x00000000       0x2e ECU_Layer/LCD/LCD.o
 .text.lcd_4bit_send_string_pos
                0x00000000       0x34 ECU_Layer/LCD/LCD.o
 .text.lcd_8bit_send_command
                0x00000000       0x5c ECU_Layer/LCD/LCD.o
 .text.lcd_8bit_initialize
                0x00000000       0xac ECU_Layer/LCD/LCD.o
 .text.lcd_8bit_set_cursor
                0x00000000       0x3e ECU_Layer/LCD/LCD.o
 .text.lcd_8bit_send_char_data
                0x00000000       0x5c ECU_Layer/LCD/LCD.o
 .text.lcd_8bit_send_char_data_pos
                0x00000000       0x28 ECU_Layer/LCD/LCD.o
 .text.lcd_8bit_send_custom_chr
                0x00000000       0x72 ECU_Layer/LCD/LCD.o
 .text.lcd_8bit_send_string
                0x00000000       0x2e ECU_Layer/LCD/LCD.o
 .text.lcd_8bit_send_string_pos
                0x00000000       0x34 ECU_Layer/LCD/LCD.o
 .rodata.str1.1
                0x00000000        0x3 ECU_Layer/LCD/LCD.o
 .text.convert_byte_to_string
                0x00000000       0x34 ECU_Layer/LCD/LCD.o
 .text.convert_short_to_string
                0x00000000       0x34 ECU_Layer/LCD/LCD.o
 .text.convert_int_to_string
                0x00000000       0x3c ECU_Layer/LCD/LCD.o
 .text          0x00000000        0x0 ECU_Layer/LED/LED.o
 .data          0x00000000        0x0 ECU_Layer/LED/LED.o
 .bss           0x00000000        0x0 ECU_Layer/LED/LED.o
 .text.LED_init
                0x00000000       0x4e ECU_Layer/LED/LED.o
 .text.LED_on   0x00000000       0x4e ECU_Layer/LED/LED.o
 .text.LED_off  0x00000000       0x4e ECU_Layer/LED/LED.o
 .text.LED_toggle
                0x00000000       0x4c ECU_Layer/LED/LED.o
 .debug_info    0x00000000      0x335 ECU_Layer/LED/LED.o
 .debug_abbrev  0x00000000      0x128 ECU_Layer/LED/LED.o
 .debug_loc     0x00000000      0x34c ECU_Layer/LED/LED.o
 .debug_aranges
                0x00000000       0x38 ECU_Layer/LED/LED.o
 .debug_ranges  0x00000000       0x28 ECU_Layer/LED/LED.o
 .debug_line    0x00000000      0x19f ECU_Layer/LED/LED.o
 .debug_str     0x00000000      0x21f ECU_Layer/LED/LED.o
 .comment       0x00000000       0x31 ECU_Layer/LED/LED.o
 .debug_frame   0x00000000       0x94 ECU_Layer/LED/LED.o
 .text          0x00000000        0x0 ECU_Layer/US_Sensor/US.o
 .data          0x00000000        0x0 ECU_Layer/US_Sensor/US.o
 .bss           0x00000000        0x0 ECU_Layer/US_Sensor/US.o
 .text.HAL_US_Sensor_Trigger
                0x00000000       0x2c ECU_Layer/US_Sensor/US.o
 .text.HAL_US_Sensor_get_pulse_width
                0x00000000       0x16 ECU_Layer/US_Sensor/US.o
 .text.HAL_US_Sensor_Meaure_Distance
                0x00000000       0x2c ECU_Layer/US_Sensor/US.o
 .text          0x00000000        0x0 main.o
 .data          0x00000000        0x0 main.o
 .bss           0x00000000        0x0 main.o
 .text          0x00000000        0x0 MCAL_Layer/ADC/adc.o
 .data          0x00000000        0x0 MCAL_Layer/ADC/adc.o
 .bss           0x00000000        0x0 MCAL_Layer/ADC/adc.o
 .text.MCAL_ADC_Init
                0x00000000       0x62 MCAL_Layer/ADC/adc.o
 .text.MCAL_ADC_Start_Conversion
                0x00000000        0x8 MCAL_Layer/ADC/adc.o
 .text.MCAL_ADC_Get_Conversion_Result_Polling
                0x00000000       0x12 MCAL_Layer/ADC/adc.o
 .text          0x00000000        0x0 MCAL_Layer/EXTI/EXTI.o
 .data          0x00000000        0x0 MCAL_Layer/EXTI/EXTI.o
 .bss           0x00000000        0x0 MCAL_Layer/EXTI/EXTI.o
 .text.select_edge
                0x00000000       0x76 MCAL_Layer/EXTI/EXTI.o
 .text.enable_interrupt
                0x00000000       0x2e MCAL_Layer/EXTI/EXTI.o
 .text.EXTI_Init
                0x00000000       0x2a MCAL_Layer/EXTI/EXTI.o
 .text          0x00000000        0x0 MCAL_Layer/Gpio/gpio.o
 .data          0x00000000        0x0 MCAL_Layer/Gpio/gpio.o
 .bss           0x00000000        0x0 MCAL_Layer/Gpio/gpio.o
 .text.GPIO_Get_Pin_Direction
                0x00000000       0x90 MCAL_Layer/Gpio/gpio.o
 .text.GPIO_Get_Pin_Logic
                0x00000000       0x90 MCAL_Layer/Gpio/gpio.o
 .text.GPIO_Active_Pin_PullUp_Resistor
                0x00000000       0xfa MCAL_Layer/Gpio/gpio.o
 .text.GPIO_DeActive_Pin_PullUp_Resistor
                0x00000000      0x102 MCAL_Layer/Gpio/gpio.o
 .text.GPIO_Toggle_Pin
                0x00000000       0x90 MCAL_Layer/Gpio/gpio.o
 .text.GPIO_Set_Port_Direction
                0x00000000       0x32 MCAL_Layer/Gpio/gpio.o
 .text.GPIO_Get_Port_Direction
                0x00000000       0x3c MCAL_Layer/Gpio/gpio.o
 .text.GPIO_Set_Port_Logic
                0x00000000       0x32 MCAL_Layer/Gpio/gpio.o
 .text.GPIO_Get_Port_Logic
                0x00000000       0x3c MCAL_Layer/Gpio/gpio.o
 .text.GPIO_Active_Port_PullUp_Resistor
                0x00000000       0x3c MCAL_Layer/Gpio/gpio.o
 .text.GPIO_DeActive_Port_PullUp_Resistor
                0x00000000       0x34 MCAL_Layer/Gpio/gpio.o
 .text.GPIO_Toggle_Port
                0x00000000       0x3c MCAL_Layer/Gpio/gpio.o
 .text          0x00000000        0x0 MCAL_Layer/I2C/i2c.o
 .data          0x00000000        0x0 MCAL_Layer/I2C/i2c.o
 .bss           0x00000000        0x0 MCAL_Layer/I2C/i2c.o
 .debug_line    0x00000000        0x0 MCAL_Layer/I2C/i2c.o
 .debug_str     0x00000000       0xed MCAL_Layer/I2C/i2c.o
 .comment       0x00000000       0x31 MCAL_Layer/I2C/i2c.o
 .text          0x00000000        0x0 MCAL_Layer/Timer0/timer0.o
 .data          0x00000000        0x0 MCAL_Layer/Timer0/timer0.o
 .bss           0x00000000        0x0 MCAL_Layer/Timer0/timer0.o
 .text.MCAL_Timer0_CTC_mode_Write_Value
                0x00000000        0x4 MCAL_Layer/Timer0/timer0.o
 .text          0x00000000        0x0 MCAL_Layer/Timer1/timer1.o
 .data          0x00000000        0x0 MCAL_Layer/Timer1/timer1.o
 .bss           0x00000000        0x0 MCAL_Layer/Timer1/timer1.o
 .text.MCAL_Timer1_CTC_mode_Write_Value
                0x00000000        0x6 MCAL_Layer/Timer1/timer1.o
 .text.MCAL_Timer1_Set_PWM_Duty_Cycle
                0x00000000       0x16 MCAL_Layer/Timer1/timer1.o
 .text          0x00000000        0x0 MCAL_Layer/USART/usart.o
 .data          0x00000000        0x0 MCAL_Layer/USART/usart.o
 .bss           0x00000000        0x0 MCAL_Layer/USART/usart.o
 .text.MCAL_USART_Init
                0x00000000       0xbc MCAL_Layer/USART/usart.o
 .text.MCAL_USART_TransmitData_Polling
                0x00000000        0x8 MCAL_Layer/USART/usart.o
 .text.MCAL_USART_TransmitString_Polling
                0x00000000       0x14 MCAL_Layer/USART/usart.o
 .text.MCAL_USART_ReciveData_Polling
                0x00000000        0x8 MCAL_Layer/USART/usart.o
 .debug_info    0x00000000      0x204 MCAL_Layer/USART/usart.o
 .debug_abbrev  0x00000000       0xda MCAL_Layer/USART/usart.o
 .debug_loc     0x00000000       0xa4 MCAL_Layer/USART/usart.o
 .debug_aranges
                0x00000000       0x38 MCAL_Layer/USART/usart.o
 .debug_ranges  0x00000000       0x28 MCAL_Layer/USART/usart.o
 .debug_line    0x00000000      0x161 MCAL_Layer/USART/usart.o
 .debug_str     0x00000000      0x2e2 MCAL_Layer/USART/usart.o
 .comment       0x00000000       0x31 MCAL_Layer/USART/usart.o
 .debug_frame   0x00000000       0x54 MCAL_Layer/USART/usart.o
 COMMON         0x00000000        0x6 MCAL_Layer/USART/usart.o
 .text          0x00000000        0x0 d:/installed/7.0/toolchain/avr8/avr8-gnu-toolchain/bin/../lib/gcc/avr/5.4.0/../../../../avr/lib/avr5\libm.a(fixunssfsi.o)
 .data          0x00000000        0x0 d:/installed/7.0/toolchain/avr8/avr8-gnu-toolchain/bin/../lib/gcc/avr/5.4.0/../../../../avr/lib/avr5\libm.a(fixunssfsi.o)
 .bss           0x00000000        0x0 d:/installed/7.0/toolchain/avr8/avr8-gnu-toolchain/bin/../lib/gcc/avr/5.4.0/../../../../avr/lib/avr5\libm.a(fixunssfsi.o)
 .text.avr-libc.fplib
                0x00000000       0x5e d:/installed/7.0/toolchain/avr8/avr8-gnu-toolchain/bin/../lib/gcc/avr/5.4.0/../../../../avr/lib/avr5\libm.a(fixunssfsi.o)
 .text          0x00000000        0x0 d:/installed/7.0/toolchain/avr8/avr8-gnu-toolchain/bin/../lib/gcc/avr/5.4.0/../../../../avr/lib/avr5\libm.a(floatsisf.o)
 .data          0x00000000        0x0 d:/installed/7.0/toolchain/avr8/avr8-gnu-toolchain/bin/../lib/gcc/avr/5.4.0/../../../../avr/lib/avr5\libm.a(floatsisf.o)
 .bss           0x00000000        0x0 d:/installed/7.0/toolchain/avr8/avr8-gnu-toolchain/bin/../lib/gcc/avr/5.4.0/../../../../avr/lib/avr5\libm.a(floatsisf.o)
 .text.avr-libc.fplib
                0x00000000       0x7a d:/installed/7.0/toolchain/avr8/avr8-gnu-toolchain/bin/../lib/gcc/avr/5.4.0/../../../../avr/lib/avr5\libm.a(floatsisf.o)
 .text          0x00000000        0x0 d:/installed/7.0/toolchain/avr8/avr8-gnu-toolchain/bin/../lib/gcc/avr/5.4.0/../../../../avr/lib/avr5\libm.a(fp_split3.o)
 .data          0x00000000        0x0 d:/installed/7.0/toolchain/avr8/avr8-gnu-toolchain/bin/../lib/gcc/avr/5.4.0/../../../../avr/lib/avr5\libm.a(fp_split3.o)
 .bss           0x00000000        0x0 d:/installed/7.0/toolchain/avr8/avr8-gnu-toolchain/bin/../lib/gcc/avr/5.4.0/../../../../avr/lib/avr5\libm.a(fp_split3.o)
 .text.avr-libc.fplib
                0x00000000       0x44 d:/installed/7.0/toolchain/avr8/avr8-gnu-toolchain/bin/../lib/gcc/avr/5.4.0/../../../../avr/lib/avr5\libm.a(fp_split3.o)
 .text          0x00000000        0x0 d:/installed/7.0/toolchain/avr8/avr8-gnu-toolchain/bin/../lib/gcc/avr/5.4.0/../../../../avr/lib/avr5\libm.a(fp_zero.o)
 .data          0x00000000        0x0 d:/installed/7.0/toolchain/avr8/avr8-gnu-toolchain/bin/../lib/gcc/avr/5.4.0/../../../../avr/lib/avr5\libm.a(fp_zero.o)
 .bss           0x00000000        0x0 d:/installed/7.0/toolchain/avr8/avr8-gnu-toolchain/bin/../lib/gcc/avr/5.4.0/../../../../avr/lib/avr5\libm.a(fp_zero.o)
 .text.avr-libc.fplib
                0x00000000        0xe d:/installed/7.0/toolchain/avr8/avr8-gnu-toolchain/bin/../lib/gcc/avr/5.4.0/../../../../avr/lib/avr5\libm.a(fp_zero.o)
 .text          0x00000000        0x0 d:/installed/7.0/toolchain/avr8/avr8-gnu-toolchain/bin/../lib/gcc/avr/5.4.0/../../../../avr/lib/avr5\libm.a(mulsf3.o)
 .data          0x00000000        0x0 d:/installed/7.0/toolchain/avr8/avr8-gnu-toolchain/bin/../lib/gcc/avr/5.4.0/../../../../avr/lib/avr5\libm.a(mulsf3.o)
 .bss           0x00000000        0x0 d:/installed/7.0/toolchain/avr8/avr8-gnu-toolchain/bin/../lib/gcc/avr/5.4.0/../../../../avr/lib/avr5\libm.a(mulsf3.o)
 .text.avr-libc.fplib
                0x00000000        0x8 d:/installed/7.0/toolchain/avr8/avr8-gnu-toolchain/bin/../lib/gcc/avr/5.4.0/../../../../avr/lib/avr5\libm.a(mulsf3.o)
 .text          0x00000000        0x0 d:/installed/7.0/toolchain/avr8/avr8-gnu-toolchain/bin/../lib/gcc/avr/5.4.0/../../../../avr/lib/avr5\libm.a(mulsf3x.o)
 .data          0x00000000        0x0 d:/installed/7.0/toolchain/avr8/avr8-gnu-toolchain/bin/../lib/gcc/avr/5.4.0/../../../../avr/lib/avr5\libm.a(mulsf3x.o)
 .bss           0x00000000        0x0 d:/installed/7.0/toolchain/avr8/avr8-gnu-toolchain/bin/../lib/gcc/avr/5.4.0/../../../../avr/lib/avr5\libm.a(mulsf3x.o)
 .text.avr-libc.fplib
                0x00000000       0xd2 d:/installed/7.0/toolchain/avr8/avr8-gnu-toolchain/bin/../lib/gcc/avr/5.4.0/../../../../avr/lib/avr5\libm.a(mulsf3x.o)
 .text          0x00000000        0x0 d:/installed/7.0/toolchain/avr8/avr8-gnu-toolchain/bin/../lib/gcc/avr/5.4.0/../../../../avr/lib/avr5\libm.a(fp_inf.o)
 .data          0x00000000        0x0 d:/installed/7.0/toolchain/avr8/avr8-gnu-toolchain/bin/../lib/gcc/avr/5.4.0/../../../../avr/lib/avr5\libm.a(fp_inf.o)
 .bss           0x00000000        0x0 d:/installed/7.0/toolchain/avr8/avr8-gnu-toolchain/bin/../lib/gcc/avr/5.4.0/../../../../avr/lib/avr5\libm.a(fp_inf.o)
 .text.avr-libc.fplib
                0x00000000        0xc d:/installed/7.0/toolchain/avr8/avr8-gnu-toolchain/bin/../lib/gcc/avr/5.4.0/../../../../avr/lib/avr5\libm.a(fp_inf.o)
 .text          0x00000000        0x0 d:/installed/7.0/toolchain/avr8/avr8-gnu-toolchain/bin/../lib/gcc/avr/5.4.0/../../../../avr/lib/avr5\libm.a(fp_nan.o)
 .data          0x00000000        0x0 d:/installed/7.0/toolchain/avr8/avr8-gnu-toolchain/bin/../lib/gcc/avr/5.4.0/../../../../avr/lib/avr5\libm.a(fp_nan.o)
 .bss           0x00000000        0x0 d:/installed/7.0/toolchain/avr8/avr8-gnu-toolchain/bin/../lib/gcc/avr/5.4.0/../../../../avr/lib/avr5\libm.a(fp_nan.o)
 .text.avr-libc.fplib
                0x00000000        0x6 d:/installed/7.0/toolchain/avr8/avr8-gnu-toolchain/bin/../lib/gcc/avr/5.4.0/../../../../avr/lib/avr5\libm.a(fp_nan.o)
 .text          0x00000000        0x0 d:/installed/7.0/toolchain/avr8/avr8-gnu-toolchain/bin/../lib/gcc/avr/5.4.0/../../../../avr/lib/avr5\libm.a(fp_pscA.o)
 .data          0x00000000        0x0 d:/installed/7.0/toolchain/avr8/avr8-gnu-toolchain/bin/../lib/gcc/avr/5.4.0/../../../../avr/lib/avr5\libm.a(fp_pscA.o)
 .bss           0x00000000        0x0 d:/installed/7.0/toolchain/avr8/avr8-gnu-toolchain/bin/../lib/gcc/avr/5.4.0/../../../../avr/lib/avr5\libm.a(fp_pscA.o)
 .text.avr-libc.fplib
                0x00000000        0xe d:/installed/7.0/toolchain/avr8/avr8-gnu-toolchain/bin/../lib/gcc/avr/5.4.0/../../../../avr/lib/avr5\libm.a(fp_pscA.o)
 .text          0x00000000        0x0 d:/installed/7.0/toolchain/avr8/avr8-gnu-toolchain/bin/../lib/gcc/avr/5.4.0/../../../../avr/lib/avr5\libm.a(fp_pscB.o)
 .data          0x00000000        0x0 d:/installed/7.0/toolchain/avr8/avr8-gnu-toolchain/bin/../lib/gcc/avr/5.4.0/../../../../avr/lib/avr5\libm.a(fp_pscB.o)
 .bss           0x00000000        0x0 d:/installed/7.0/toolchain/avr8/avr8-gnu-toolchain/bin/../lib/gcc/avr/5.4.0/../../../../avr/lib/avr5\libm.a(fp_pscB.o)
 .text.avr-libc.fplib
                0x00000000        0xe d:/installed/7.0/toolchain/avr8/avr8-gnu-toolchain/bin/../lib/gcc/avr/5.4.0/../../../../avr/lib/avr5\libm.a(fp_pscB.o)
 .text          0x00000000        0x0 d:/installed/7.0/toolchain/avr8/avr8-gnu-toolchain/bin/../lib/gcc/avr/5.4.0/../../../../avr/lib/avr5\libm.a(fp_round.o)
 .data          0x00000000        0x0 d:/installed/7.0/toolchain/avr8/avr8-gnu-toolchain/bin/../lib/gcc/avr/5.4.0/../../../../avr/lib/avr5\libm.a(fp_round.o)
 .bss           0x00000000        0x0 d:/installed/7.0/toolchain/avr8/avr8-gnu-toolchain/bin/../lib/gcc/avr/5.4.0/../../../../avr/lib/avr5\libm.a(fp_round.o)
 .text.avr-libc.fplib
                0x00000000       0x22 d:/installed/7.0/toolchain/avr8/avr8-gnu-toolchain/bin/../lib/gcc/avr/5.4.0/../../../../avr/lib/avr5\libm.a(fp_round.o)
 .text          0x00000000        0x0 d:/installed/7.0/toolchain/avr8/avr8-gnu-toolchain/bin/../lib/gcc/avr/5.4.0/avr5\libgcc.a(_divmodhi4.o)
 .data          0x00000000        0x0 d:/installed/7.0/toolchain/avr8/avr8-gnu-toolchain/bin/../lib/gcc/avr/5.4.0/avr5\libgcc.a(_divmodhi4.o)
 .bss           0x00000000        0x0 d:/installed/7.0/toolchain/avr8/avr8-gnu-toolchain/bin/../lib/gcc/avr/5.4.0/avr5\libgcc.a(_divmodhi4.o)
 .text.libgcc.mul
                0x00000000        0x0 d:/installed/7.0/toolchain/avr8/avr8-gnu-toolchain/bin/../lib/gcc/avr/5.4.0/avr5\libgcc.a(_divmodhi4.o)
 .text.libgcc   0x00000000        0x0 d:/installed/7.0/toolchain/avr8/avr8-gnu-toolchain/bin/../lib/gcc/avr/5.4.0/avr5\libgcc.a(_divmodhi4.o)
 .text.libgcc.prologue
                0x00000000        0x0 d:/installed/7.0/toolchain/avr8/avr8-gnu-toolchain/bin/../lib/gcc/avr/5.4.0/avr5\libgcc.a(_divmodhi4.o)
 .text.libgcc.builtins
                0x00000000        0x0 d:/installed/7.0/toolchain/avr8/avr8-gnu-toolchain/bin/../lib/gcc/avr/5.4.0/avr5\libgcc.a(_divmodhi4.o)
 .text.libgcc.fmul
                0x00000000        0x0 d:/installed/7.0/toolchain/avr8/avr8-gnu-toolchain/bin/../lib/gcc/avr/5.4.0/avr5\libgcc.a(_divmodhi4.o)
 .text.libgcc.fixed
                0x00000000        0x0 d:/installed/7.0/toolchain/avr8/avr8-gnu-toolchain/bin/../lib/gcc/avr/5.4.0/avr5\libgcc.a(_divmodhi4.o)
 .text          0x00000000        0x0 d:/installed/7.0/toolchain/avr8/avr8-gnu-toolchain/bin/../lib/gcc/avr/5.4.0/avr5\libgcc.a(_udivmodsi4.o)
 .data          0x00000000        0x0 d:/installed/7.0/toolchain/avr8/avr8-gnu-toolchain/bin/../lib/gcc/avr/5.4.0/avr5\libgcc.a(_udivmodsi4.o)
 .bss           0x00000000        0x0 d:/installed/7.0/toolchain/avr8/avr8-gnu-toolchain/bin/../lib/gcc/avr/5.4.0/avr5\libgcc.a(_udivmodsi4.o)
 .text.libgcc.mul
                0x00000000        0x0 d:/installed/7.0/toolchain/avr8/avr8-gnu-toolchain/bin/../lib/gcc/avr/5.4.0/avr5\libgcc.a(_udivmodsi4.o)
 .text.libgcc.div
                0x00000000       0x44 d:/installed/7.0/toolchain/avr8/avr8-gnu-toolchain/bin/../lib/gcc/avr/5.4.0/avr5\libgcc.a(_udivmodsi4.o)
 .text.libgcc   0x00000000        0x0 d:/installed/7.0/toolchain/avr8/avr8-gnu-toolchain/bin/../lib/gcc/avr/5.4.0/avr5\libgcc.a(_udivmodsi4.o)
 .text.libgcc.prologue
                0x00000000        0x0 d:/installed/7.0/toolchain/avr8/avr8-gnu-toolchain/bin/../lib/gcc/avr/5.4.0/avr5\libgcc.a(_udivmodsi4.o)
 .text.libgcc.builtins
                0x00000000        0x0 d:/installed/7.0/toolchain/avr8/avr8-gnu-toolchain/bin/../lib/gcc/avr/5.4.0/avr5\libgcc.a(_udivmodsi4.o)
 .text.libgcc.fmul
                0x00000000        0x0 d:/installed/7.0/toolchain/avr8/avr8-gnu-toolchain/bin/../lib/gcc/avr/5.4.0/avr5\libgcc.a(_udivmodsi4.o)
 .text.libgcc.fixed
                0x00000000        0x0 d:/installed/7.0/toolchain/avr8/avr8-gnu-toolchain/bin/../lib/gcc/avr/5.4.0/avr5\libgcc.a(_udivmodsi4.o)
 .text          0x00000000        0x0 d:/installed/7.0/toolchain/avr8/avr8-gnu-toolchain/bin/../lib/gcc/avr/5.4.0/avr5\libgcc.a(_exit.o)
 .data          0x00000000        0x0 d:/installed/7.0/toolchain/avr8/avr8-gnu-toolchain/bin/../lib/gcc/avr/5.4.0/avr5\libgcc.a(_exit.o)
 .bss           0x00000000        0x0 d:/installed/7.0/toolchain/avr8/avr8-gnu-toolchain/bin/../lib/gcc/avr/5.4.0/avr5\libgcc.a(_exit.o)
 .text.libgcc.mul
                0x00000000        0x0 d:/installed/7.0/toolchain/avr8/avr8-gnu-toolchain/bin/../lib/gcc/avr/5.4.0/avr5\libgcc.a(_exit.o)
 .text.libgcc.div
                0x00000000        0x0 d:/installed/7.0/toolchain/avr8/avr8-gnu-toolchain/bin/../lib/gcc/avr/5.4.0/avr5\libgcc.a(_exit.o)
 .text.libgcc   0x00000000        0x0 d:/installed/7.0/toolchain/avr8/avr8-gnu-toolchain/bin/../lib/gcc/avr/5.4.0/avr5\libgcc.a(_exit.o)
 .text.libgcc.prologue
                0x00000000        0x0 d:/installed/7.0/toolchain/avr8/avr8-gnu-toolchain/bin/../lib/gcc/avr/5.4.0/avr5\libgcc.a(_exit.o)
 .text.libgcc.builtins
                0x00000000        0x0 d:/installed/7.0/toolchain/avr8/avr8-gnu-toolchain/bin/../lib/gcc/avr/5.4.0/avr5\libgcc.a(_exit.o)
 .text.libgcc.fmul
                0x00000000        0x0 d:/installed/7.0/toolchain/avr8/avr8-gnu-toolchain/bin/../lib/gcc/avr/5.4.0/avr5\libgcc.a(_exit.o)
 .text.libgcc.fixed
                0x00000000        0x0 d:/installed/7.0/toolchain/avr8/avr8-gnu-toolchain/bin/../lib/gcc/avr/5.4.0/avr5\libgcc.a(_exit.o)
 .text          0x00000000        0x0 d:/installed/7.0/toolchain/avr8/avr8-gnu-toolchain/bin/../lib/gcc/avr/5.4.0/avr5\libgcc.a(_copy_data.o)
 .data          0x00000000        0x0 d:/installed/7.0/toolchain/avr8/avr8-gnu-toolchain/bin/../lib/gcc/avr/5.4.0/avr5\libgcc.a(_copy_data.o)
 .bss           0x00000000        0x0 d:/installed/7.0/toolchain/avr8/avr8-gnu-toolchain/bin/../lib/gcc/avr/5.4.0/avr5\libgcc.a(_copy_data.o)
 .text.libgcc.mul
                0x00000000        0x0 d:/installed/7.0/toolchain/avr8/avr8-gnu-toolchain/bin/../lib/gcc/avr/5.4.0/avr5\libgcc.a(_copy_data.o)
 .text.libgcc.div
                0x00000000        0x0 d:/installed/7.0/toolchain/avr8/avr8-gnu-toolchain/bin/../lib/gcc/avr/5.4.0/avr5\libgcc.a(_copy_data.o)
 .text.libgcc   0x00000000        0x0 d:/installed/7.0/toolchain/avr8/avr8-gnu-toolchain/bin/../lib/gcc/avr/5.4.0/avr5\libgcc.a(_copy_data.o)
 .text.libgcc.prologue
                0x00000000        0x0 d:/installed/7.0/toolchain/avr8/avr8-gnu-toolchain/bin/../lib/gcc/avr/5.4.0/avr5\libgcc.a(_copy_data.o)
 .text.libgcc.builtins
                0x00000000        0x0 d:/installed/7.0/toolchain/avr8/avr8-gnu-toolchain/bin/../lib/gcc/avr/5.4.0/avr5\libgcc.a(_copy_data.o)
 .text.libgcc.fmul
                0x00000000        0x0 d:/installed/7.0/toolchain/avr8/avr8-gnu-toolchain/bin/../lib/gcc/avr/5.4.0/avr5\libgcc.a(_copy_data.o)
 .text.libgcc.fixed
                0x00000000        0x0 d:/installed/7.0/toolchain/avr8/avr8-gnu-toolchain/bin/../lib/gcc/avr/5.4.0/avr5\libgcc.a(_copy_data.o)
 .text          0x00000000        0x0 d:/installed/7.0/toolchain/avr8/avr8-gnu-toolchain/bin/../lib/gcc/avr/5.4.0/avr5\libgcc.a(_clear_bss.o)
 .data          0x00000000        0x0 d:/installed/7.0/toolchain/avr8/avr8-gnu-toolchain/bin/../lib/gcc/avr/5.4.0/avr5\libgcc.a(_clear_bss.o)
 .bss           0x00000000        0x0 d:/installed/7.0/toolchain/avr8/avr8-gnu-toolchain/bin/../lib/gcc/avr/5.4.0/avr5\libgcc.a(_clear_bss.o)
 .text.libgcc.mul
                0x00000000        0x0 d:/installed/7.0/toolchain/avr8/avr8-gnu-toolchain/bin/../lib/gcc/avr/5.4.0/avr5\libgcc.a(_clear_bss.o)
 .text.libgcc.div
                0x00000000        0x0 d:/installed/7.0/toolchain/avr8/avr8-gnu-toolchain/bin/../lib/gcc/avr/5.4.0/avr5\libgcc.a(_clear_bss.o)
 .text.libgcc   0x00000000        0x0 d:/installed/7.0/toolchain/avr8/avr8-gnu-toolchain/bin/../lib/gcc/avr/5.4.0/avr5\libgcc.a(_clear_bss.o)
 .text.libgcc.prologue
                0x00000000        0x0 d:/installed/7.0/toolchain/avr8/avr8-gnu-toolchain/bin/../lib/gcc/avr/5.4.0/avr5\libgcc.a(_clear_bss.o)
 .text.libgcc.builtins
                0x00000000        0x0 d:/installed/7.0/toolchain/avr8/avr8-gnu-toolchain/bin/../lib/gcc/avr/5.4.0/avr5\libgcc.a(_clear_bss.o)
 .text.libgcc.fmul
                0x00000000        0x0 d:/installed/7.0/toolchain/avr8/avr8-gnu-toolchain/bin/../lib/gcc/avr/5.4.0/avr5\libgcc.a(_clear_bss.o)
 .text.libgcc.fixed
                0x00000000        0x0 d:/installed/7.0/toolchain/avr8/avr8-gnu-toolchain/bin/../lib/gcc/avr/5.4.0/avr5\libgcc.a(_clear_bss.o)
 .text          0x00000000        0x0 d:/installed/7.0/toolchain/avr8/avr8-gnu-toolchain/bin/../lib/gcc/avr/5.4.0/avr5\libgcc.a(_udivmodhi4.o)
 .data          0x00000000        0x0 d:/installed/7.0/toolchain/avr8/avr8-gnu-toolchain/bin/../lib/gcc/avr/5.4.0/avr5\libgcc.a(_udivmodhi4.o)
 .bss           0x00000000        0x0 d:/installed/7.0/toolchain/avr8/avr8-gnu-toolchain/bin/../lib/gcc/avr/5.4.0/avr5\libgcc.a(_udivmodhi4.o)
 .text.libgcc.mul
                0x00000000        0x0 d:/installed/7.0/toolchain/avr8/avr8-gnu-toolchain/bin/../lib/gcc/avr/5.4.0/avr5\libgcc.a(_udivmodhi4.o)
 .text.libgcc   0x00000000        0x0 d:/installed/7.0/toolchain/avr8/avr8-gnu-toolchain/bin/../lib/gcc/avr/5.4.0/avr5\libgcc.a(_udivmodhi4.o)
 .text.libgcc.prologue
                0x00000000        0x0 d:/installed/7.0/toolchain/avr8/avr8-gnu-toolchain/bin/../lib/gcc/avr/5.4.0/avr5\libgcc.a(_udivmodhi4.o)
 .text.libgcc.builtins
                0x00000000        0x0 d:/installed/7.0/toolchain/avr8/avr8-gnu-toolchain/bin/../lib/gcc/avr/5.4.0/avr5\libgcc.a(_udivmodhi4.o)
 .text.libgcc.fmul
                0x00000000        0x0 d:/installed/7.0/toolchain/avr8/avr8-gnu-toolchain/bin/../lib/gcc/avr/5.4.0/avr5\libgcc.a(_udivmodhi4.o)
 .text.libgcc.fixed
                0x00000000        0x0 d:/installed/7.0/toolchain/avr8/avr8-gnu-toolchain/bin/../lib/gcc/avr/5.4.0/avr5\libgcc.a(_udivmodhi4.o)
 .text          0x00000000        0x0 d:/installed/7.0/toolchain/avr8/avr8-gnu-toolchain/bin/../lib/gcc/avr/5.4.0/../../../../avr/lib/avr5\libc.a(sprintf.o)
 .data          0x00000000        0x0 d:/installed/7.0/toolchain/avr8/avr8-gnu-toolchain/bin/../lib/gcc/avr/5.4.0/../../../../avr/lib/avr5\libc.a(sprintf.o)
 .bss           0x00000000        0x0 d:/installed/7.0/toolchain/avr8/avr8-gnu-toolchain/bin/../lib/gcc/avr/5.4.0/../../../../avr/lib/avr5\libc.a(sprintf.o)
 .text.avr-libc
                0x00000000       0x44 d:/installed/7.0/toolchain/avr8/avr8-gnu-toolchain/bin/../lib/gcc/avr/5.4.0/../../../../avr/lib/avr5\libc.a(sprintf.o)
 .comment       0x00000000       0x31 d:/installed/7.0/toolchain/avr8/avr8-gnu-toolchain/bin/../lib/gcc/avr/5.4.0/../../../../avr/lib/avr5\libc.a(sprintf.o)
 .text          0x00000000        0x0 d:/installed/7.0/toolchain/avr8/avr8-gnu-toolchain/bin/../lib/gcc/avr/5.4.0/../../../../avr/lib/avr5\libc.a(vfprintf_std.o)
 .data          0x00000000        0x0 d:/installed/7.0/toolchain/avr8/avr8-gnu-toolchain/bin/../lib/gcc/avr/5.4.0/../../../../avr/lib/avr5\libc.a(vfprintf_std.o)
 .bss           0x00000000        0x0 d:/installed/7.0/toolchain/avr8/avr8-gnu-toolchain/bin/../lib/gcc/avr/5.4.0/../../../../avr/lib/avr5\libc.a(vfprintf_std.o)
 .text.avr-libc
                0x00000000      0x3c2 d:/installed/7.0/toolchain/avr8/avr8-gnu-toolchain/bin/../lib/gcc/avr/5.4.0/../../../../avr/lib/avr5\libc.a(vfprintf_std.o)
 .comment       0x00000000       0x2d d:/installed/7.0/toolchain/avr8/avr8-gnu-toolchain/bin/../lib/gcc/avr/5.4.0/../../../../avr/lib/avr5\libc.a(vfprintf_std.o)
 .text          0x00000000        0x0 d:/installed/7.0/toolchain/avr8/avr8-gnu-toolchain/bin/../lib/gcc/avr/5.4.0/../../../../avr/lib/avr5\libc.a(strnlen_P.o)
 .data          0x00000000        0x0 d:/installed/7.0/toolchain/avr8/avr8-gnu-toolchain/bin/../lib/gcc/avr/5.4.0/../../../../avr/lib/avr5\libc.a(strnlen_P.o)
 .bss           0x00000000        0x0 d:/installed/7.0/toolchain/avr8/avr8-gnu-toolchain/bin/../lib/gcc/avr/5.4.0/../../../../avr/lib/avr5\libc.a(strnlen_P.o)
 .text.avr-libc
                0x00000000       0x16 d:/installed/7.0/toolchain/avr8/avr8-gnu-toolchain/bin/../lib/gcc/avr/5.4.0/../../../../avr/lib/avr5\libc.a(strnlen_P.o)
 .text          0x00000000        0x0 d:/installed/7.0/toolchain/avr8/avr8-gnu-toolchain/bin/../lib/gcc/avr/5.4.0/../../../../avr/lib/avr5\libc.a(strnlen.o)
 .data          0x00000000        0x0 d:/installed/7.0/toolchain/avr8/avr8-gnu-toolchain/bin/../lib/gcc/avr/5.4.0/../../../../avr/lib/avr5\libc.a(strnlen.o)
 .bss           0x00000000        0x0 d:/installed/7.0/toolchain/avr8/avr8-gnu-toolchain/bin/../lib/gcc/avr/5.4.0/../../../../avr/lib/avr5\libc.a(strnlen.o)
 .text.avr-libc
                0x00000000       0x16 d:/installed/7.0/toolchain/avr8/avr8-gnu-toolchain/bin/../lib/gcc/avr/5.4.0/../../../../avr/lib/avr5\libc.a(strnlen.o)
 .text          0x00000000        0x0 d:/installed/7.0/toolchain/avr8/avr8-gnu-toolchain/bin/../lib/gcc/avr/5.4.0/../../../../avr/lib/avr5\libc.a(fputc.o)
 .data          0x00000000        0x0 d:/installed/7.0/toolchain/avr8/avr8-gnu-toolchain/bin/../lib/gcc/avr/5.4.0/../../../../avr/lib/avr5\libc.a(fputc.o)
 .bss           0x00000000        0x0 d:/installed/7.0/toolchain/avr8/avr8-gnu-toolchain/bin/../lib/gcc/avr/5.4.0/../../../../avr/lib/avr5\libc.a(fputc.o)
 .text.avr-libc
                0x00000000       0x78 d:/installed/7.0/toolchain/avr8/avr8-gnu-toolchain/bin/../lib/gcc/avr/5.4.0/../../../../avr/lib/avr5\libc.a(fputc.o)
 .comment       0x00000000       0x31 d:/installed/7.0/toolchain/avr8/avr8-gnu-toolchain/bin/../lib/gcc/avr/5.4.0/../../../../avr/lib/avr5\libc.a(fputc.o)
 .text          0x00000000        0x0 d:/installed/7.0/toolchain/avr8/avr8-gnu-toolchain/bin/../lib/gcc/avr/5.4.0/../../../../avr/lib/avr5\libc.a(ultoa_invert.o)
 .data          0x00000000        0x0 d:/installed/7.0/toolchain/avr8/avr8-gnu-toolchain/bin/../lib/gcc/avr/5.4.0/../../../../avr/lib/avr5\libc.a(ultoa_invert.o)
 .bss           0x00000000        0x0 d:/installed/7.0/toolchain/avr8/avr8-gnu-toolchain/bin/../lib/gcc/avr/5.4.0/../../../../avr/lib/avr5\libc.a(ultoa_invert.o)
 .text.avr-libc
                0x00000000       0xbc d:/installed/7.0/toolchain/avr8/avr8-gnu-toolchain/bin/../lib/gcc/avr/5.4.0/../../../../avr/lib/avr5\libc.a(ultoa_invert.o)
 .text          0x00000000        0x0 d:/installed/7.0/toolchain/avr8/avr8-gnu-toolchain/bin/../lib/gcc/avr/5.4.0/avr5\libgcc.a(_prologue.o)
 .data          0x00000000        0x0 d:/installed/7.0/toolchain/avr8/avr8-gnu-toolchain/bin/../lib/gcc/avr/5.4.0/avr5\libgcc.a(_prologue.o)
 .bss           0x00000000        0x0 d:/installed/7.0/toolchain/avr8/avr8-gnu-toolchain/bin/../lib/gcc/avr/5.4.0/avr5\libgcc.a(_prologue.o)
 .text.libgcc.mul
                0x00000000        0x0 d:/installed/7.0/toolchain/avr8/avr8-gnu-toolchain/bin/../lib/gcc/avr/5.4.0/avr5\libgcc.a(_prologue.o)
 .text.libgcc.div
                0x00000000        0x0 d:/installed/7.0/toolchain/avr8/avr8-gnu-toolchain/bin/../lib/gcc/avr/5.4.0/avr5\libgcc.a(_prologue.o)
 .text.libgcc   0x00000000        0x0 d:/installed/7.0/toolchain/avr8/avr8-gnu-toolchain/bin/../lib/gcc/avr/5.4.0/avr5\libgcc.a(_prologue.o)
 .text.libgcc.prologue
                0x00000000       0x38 d:/installed/7.0/toolchain/avr8/avr8-gnu-toolchain/bin/../lib/gcc/avr/5.4.0/avr5\libgcc.a(_prologue.o)
 .text.libgcc.builtins
                0x00000000        0x0 d:/installed/7.0/toolchain/avr8/avr8-gnu-toolchain/bin/../lib/gcc/avr/5.4.0/avr5\libgcc.a(_prologue.o)
 .text.libgcc.fmul
                0x00000000        0x0 d:/installed/7.0/toolchain/avr8/avr8-gnu-toolchain/bin/../lib/gcc/avr/5.4.0/avr5\libgcc.a(_prologue.o)
 .text.libgcc.fixed
                0x00000000        0x0 d:/installed/7.0/toolchain/avr8/avr8-gnu-toolchain/bin/../lib/gcc/avr/5.4.0/avr5\libgcc.a(_prologue.o)
 .text          0x00000000        0x0 d:/installed/7.0/toolchain/avr8/avr8-gnu-toolchain/bin/../lib/gcc/avr/5.4.0/avr5\libgcc.a(_epilogue.o)
 .data          0x00000000        0x0 d:/installed/7.0/toolchain/avr8/avr8-gnu-toolchain/bin/../lib/gcc/avr/5.4.0/avr5\libgcc.a(_epilogue.o)
 .bss           0x00000000        0x0 d:/installed/7.0/toolchain/avr8/avr8-gnu-toolchain/bin/../lib/gcc/avr/5.4.0/avr5\libgcc.a(_epilogue.o)
 .text.libgcc.mul
                0x00000000        0x0 d:/installed/7.0/toolchain/avr8/avr8-gnu-toolchain/bin/../lib/gcc/avr/5.4.0/avr5\libgcc.a(_epilogue.o)
 .text.libgcc.div
                0x00000000        0x0 d:/installed/7.0/toolchain/avr8/avr8-gnu-toolchain/bin/../lib/gcc/avr/5.4.0/avr5\libgcc.a(_epilogue.o)
 .text.libgcc   0x00000000        0x0 d:/installed/7.0/toolchain/avr8/avr8-gnu-toolchain/bin/../lib/gcc/avr/5.4.0/avr5\libgcc.a(_epilogue.o)
 .text.libgcc.prologue
                0x00000000       0x36 d:/installed/7.0/toolchain/avr8/avr8-gnu-toolchain/bin/../lib/gcc/avr/5.4.0/avr5\libgcc.a(_epilogue.o)
 .text.libgcc.builtins
                0x00000000        0x0 d:/installed/7.0/toolchain/avr8/avr8-gnu-toolchain/bin/../lib/gcc/avr/5.4.0/avr5\libgcc.a(_epilogue.o)
 .text.libgcc.fmul
                0x00000000        0x0 d:/installed/7.0/toolchain/avr8/avr8-gnu-toolchain/bin/../lib/gcc/avr/5.4.0/avr5\libgcc.a(_epilogue.o)
 .text.libgcc.fixed
                0x00000000        0x0 d:/installed/7.0/toolchain/avr8/avr8-gnu-toolchain/bin/../lib/gcc/avr/5.4.0/avr5\libgcc.a(_epilogue.o)

Memory Configuration

Name             Origin             Length             Attributes
text             0x00000000         0x00008000         xr
data             0x00800060         0x00000800         rw !x
eeprom           0x00810000         0x00000400         rw !x
fuse             0x00820000         0x00000002         rw !x
lock             0x00830000         0x00000400         rw !x
signature        0x00840000         0x00000400         rw !x
user_signatures  0x00850000         0x00000400         rw !x
*default*        0x00000000         0xffffffff

Linker script and memory map

LOAD D:/installed/7.0/Packs/atmel/ATmega_DFP/1.7.374/gcc/dev/atmega32/avr5/crtatmega32.o
LOAD ECU_Layer/Button/button.o
LOAD ECU_Layer/DC_Motor/motor.o
LOAD ECU_Layer/Ecu_Init/ecu_init.o
LOAD ECU_Layer/Keypad/keypad.o
LOAD ECU_Layer/LCD/LCD.o
LOAD ECU_Layer/LED/LED.o
LOAD ECU_Layer/US_Sensor/US.o
LOAD main.o
LOAD MCAL_Layer/ADC/adc.o
LOAD MCAL_Layer/EXTI/EXTI.o
LOAD MCAL_Layer/Gpio/gpio.o
LOAD MCAL_Layer/I2C/i2c.o
LOAD MCAL_Layer/Timer0/timer0.o
LOAD MCAL_Layer/Timer1/timer1.o
LOAD MCAL_Layer/USART/usart.o
START GROUP
LOAD d:/installed/7.0/toolchain/avr8/avr8-gnu-toolchain/bin/../lib/gcc/avr/5.4.0/../../../../avr/lib/avr5\libm.a
END GROUP
START GROUP
LOAD d:/installed/7.0/toolchain/avr8/avr8-gnu-toolchain/bin/../lib/gcc/avr/5.4.0/avr5\libgcc.a
LOAD d:/installed/7.0/toolchain/avr8/avr8-gnu-toolchain/bin/../lib/gcc/avr/5.4.0/../../../../avr/lib/avr5\libm.a
LOAD d:/installed/7.0/toolchain/avr8/avr8-gnu-toolchain/bin/../lib/gcc/avr/5.4.0/../../../../avr/lib/avr5\libc.a
LOAD D:/installed/7.0/Packs/atmel/ATmega_DFP/1.7.374/gcc/dev/atmega32/avr5\libatmega32.a
END GROUP
                0x00000000                __TEXT_REGION_ORIGIN__ = DEFINED (__TEXT_REGION_ORIGIN__)?__TEXT_REGION_ORIGIN__:0x0
                [0x00800060]                __DATA_REGION_ORIGIN__ = DEFINED (__DATA_REGION_ORIGIN__)?__DATA_REGION_ORIGIN__:0x800060
                [0x00008000]                __TEXT_REGION_LENGTH__ = DEFINED (__TEXT_REGION_LENGTH__)?__TEXT_REGION_LENGTH__:0x20000
                [0x00000800]                __DATA_REGION_LENGTH__ = DEFINED (__DATA_REGION_LENGTH__)?__DATA_REGION_LENGTH__:0xffa0
                [0x00000400]                __EEPROM_REGION_LENGTH__ = DEFINED (__EEPROM_REGION_LENGTH__)?__EEPROM_REGION_LENGTH__:0x10000
                [0x00000002]                __FUSE_REGION_LENGTH__ = DEFINED (__FUSE_REGION_LENGTH__)?__FUSE_REGION_LENGTH__:0x400
                0x00000400                __LOCK_REGION_LENGTH__ = DEFINED (__LOCK_REGION_LENGTH__)?__LOCK_REGION_LENGTH__:0x400
                0x00000400                __SIGNATURE_REGION_LENGTH__ = DEFINED (__SIGNATURE_REGION_LENGTH__)?__SIGNATURE_REGION_LENGTH__:0x400
                0x00000400                __USER_SIGNATURE_REGION_LENGTH__ = DEFINED (__USER_SIGNATURE_REGION_LENGTH__)?__USER_SIGNATURE_REGION_LENGTH__:0x400

.hash
 *(.hash)

.dynsym
 *(.dynsym)

.dynstr
 *(.dynstr)

.gnu.version
 *(.gnu.version)

.gnu.version_d
 *(.gnu.version_d)

.gnu.version_r
 *(.gnu.version_r)

.rel.init
 *(.rel.init)

.rela.init
 *(.rela.init)

.rel.text
 *(.rel.text)
 *(.rel.text.*)
 *(.rel.gnu.linkonce.t*)

.rela.text
 *(.rela.text)
 *(.rela.text.*)
 *(.rela.gnu.linkonce.t*)

.rel.fini
 *(.rel.fini)

.rela.fini
 *(.rela.fini)

.rel.rodata
 *(.rel.rodata)
 *(.rel.rodata.*)
 *(.rel.gnu.linkonce.r*)

.rela.rodata
 *(.rela.rodata)
 *(.rela.rodata.*)
 *(.rela.gnu.linkonce.r*)

.rel.data
 *(.rel.data)
 *(.rel.data.*)
 *(.rel.gnu.linkonce.d*)

.rela.data
 *(.rela.data)
 *(.rela.data.*)
 *(.rela.gnu.linkonce.d*)

.rel.ctors
 *(.rel.ctors)

.rela.ctors
 *(.rela.ctors)

.rel.dtors
 *(.rel.dtors)

.rela.dtors
 *(.rela.dtors)

.rel.got
 *(.rel.got)

.rela.got
 *(.rela.got)

.rel.bss
 *(.rel.bss)

.rela.bss
 *(.rela.bss)

.rel.plt
 *(.rel.plt)

.rela.plt
 *(.rela.plt)

.text           0x00000000      0x904
 *(.vectors)
 .vectors       0x00000000       0x54 D:/installed/7.0/Packs/atmel/ATmega_DFP/1.7.374/gcc/dev/atmega32/avr5/crtatmega32.o
                0x00000000                __vector_default
                0x00000000                __vectors
 *(.vectors)
 *(.progmem.gcc*)
                0x00000054                . = ALIGN (0x2)
                0x00000054                __trampolines_start = .
 *(.trampolines)
 .trampolines   0x00000054        0x0 linker stubs
 *(.trampolines*)
                0x00000054                __trampolines_end = .
 *libprintf_flt.a:*(.progmem.data)
 *libc.a:*(.progmem.data)
 *(.progmem*)
                0x00000054                . = ALIGN (0x2)
 *(.jumptables)
 *(.jumptables*)
 *(.lowtext)
 *(.lowtext*)
                0x00000054                __ctors_start = .
 *(.ctors)
                0x00000054                __ctors_end = .
                0x00000054                __dtors_start = .
 *(.dtors)
                0x00000054                __dtors_end = .
 SORT(*)(.ctors)
 SORT(*)(.dtors)
 *(.init0)
 .init0         0x00000054        0x0 D:/installed/7.0/Packs/atmel/ATmega_DFP/1.7.374/gcc/dev/atmega32/avr5/crtatmega32.o
                0x00000054                __init
 *(.init0)
 *(.init1)
 *(.init1)
 *(.init2)
 .init2         0x00000054        0xc D:/installed/7.0/Packs/atmel/ATmega_DFP/1.7.374/gcc/dev/atmega32/avr5/crtatmega32.o
 *(.init2)
 *(.init3)
 *(.init3)
 *(.init4)
 .init4         0x00000060       0x16 d:/installed/7.0/toolchain/avr8/avr8-gnu-toolchain/bin/../lib/gcc/avr/5.4.0/avr5\libgcc.a(_copy_data.o)
                0x00000060                __do_copy_data
 .init4         0x00000076       0x10 d:/installed/7.0/toolchain/avr8/avr8-gnu-toolchain/bin/../lib/gcc/avr/5.4.0/avr5\libgcc.a(_clear_bss.o)
                0x00000076                __do_clear_bss
 *(.init4)
 *(.init5)
 *(.init5)
 *(.init6)
 *(.init6)
 *(.init7)
 *(.init7)
 *(.init8)
 *(.init8)
 *(.init9)
 .init9         0x00000086        0x8 D:/installed/7.0/Packs/atmel/ATmega_DFP/1.7.374/gcc/dev/atmega32/avr5/crtatmega32.o
 *(.init9)
 *(.text)
 .text          0x0000008e        0x4 D:/installed/7.0/Packs/atmel/ATmega_DFP/1.7.374/gcc/dev/atmega32/avr5/crtatmega32.o
                0x0000008e                __vector_12
                0x0000008e                __bad_interrupt
                0x0000008e                __vector_13
                0x0000008e                __vector_17
                0x0000008e                __vector_19
                0x0000008e                __vector_5
                0x0000008e                __vector_4
                0x0000008e                __vector_15
                0x0000008e                __vector_8
                0x0000008e                __vector_14
                0x0000008e                __vector_18
                0x0000008e                __vector_20
                0x00000092                . = ALIGN (0x2)
 *(.text.*)
 .text.dc_motor_initialize
                0x00000092       0x1c ECU_Layer/DC_Motor/motor.o
                0x00000092                dc_motor_initialize
 .text.lcd_4bit_send_4_bit
                0x000000ae       0x46 ECU_Layer/LCD/LCD.o
 .text.lcd_4bit_send_enable_signal
                0x000000f4       0x20 ECU_Layer/LCD/LCD.o
 .text.lcd_4bit_send_command
                0x00000114       0x42 ECU_Layer/LCD/LCD.o
                0x00000114                lcd_4bit_send_command
 .text.lcd_4bit_initialize
                0x00000156       0xae ECU_Layer/LCD/LCD.o
                0x00000156                lcd_4bit_initialize
 .text.HAL_US_Sensor_Init
                0x00000204       0x2c ECU_Layer/US_Sensor/US.o
                0x00000204                HAL_US_Sensor_Init
 .text.icu_isr  0x00000230       0x5c main.o
                0x00000230                icu_isr
 .text.main     0x0000028c       0x82 main.o
                0x0000028c                main
 .text.__vector_16
                0x0000030e       0x52 MCAL_Layer/ADC/adc.o
                0x0000030e                __vector_16
 .text.__vector_1
                0x00000360       0x52 MCAL_Layer/EXTI/EXTI.o
                0x00000360                __vector_1
 .text.__vector_2
                0x000003b2       0x52 MCAL_Layer/EXTI/EXTI.o
                0x000003b2                __vector_2
 .text.__vector_3
                0x00000404       0x52 MCAL_Layer/EXTI/EXTI.o
                0x00000404                __vector_3
 .text.GPIO_Set_Pin_Direction
                0x00000456       0x7c MCAL_Layer/Gpio/gpio.o
                0x00000456                GPIO_Set_Pin_Direction
 .text.GPIO_Set_Pin_Logic
                0x000004d2       0x7c MCAL_Layer/Gpio/gpio.o
                0x000004d2                GPIO_Set_Pin_Logic
 .text.GPIO_Pin_Init
                0x0000054e       0x30 MCAL_Layer/Gpio/gpio.o
                0x0000054e                GPIO_Pin_Init
 .text.mode_routine
                0x0000057e       0x46 MCAL_Layer/Timer0/timer0.o
 .text.set_prescaler
                0x000005c4        0xe MCAL_Layer/Timer0/timer0.o
 .text.MCAL_Timer0_Init
                0x000005d2       0x40 MCAL_Layer/Timer0/timer0.o
                0x000005d2                MCAL_Timer0_Init
 .text.MCAL_Timer0_Set_PWM_Duty_Cycle
                0x00000612       0x1a MCAL_Layer/Timer0/timer0.o
                0x00000612                MCAL_Timer0_Set_PWM_Duty_Cycle
 .text.__vector_11
                0x0000062c       0x52 MCAL_Layer/Timer0/timer0.o
                0x0000062c                __vector_11
 .text.__vector_10
                0x0000067e       0x52 MCAL_Layer/Timer0/timer0.o
                0x0000067e                __vector_10
 .text.mode_handler
                0x000006d0       0xa4 MCAL_Layer/Timer1/timer1.o
 .text.set_prescaler
                0x00000774        0xe MCAL_Layer/Timer1/timer1.o
 .text.MCAL_Timer1_Init
                0x00000782       0x1e MCAL_Layer/Timer1/timer1.o
                0x00000782                MCAL_Timer1_Init
 .text.MCAL_Timer1_ICU_Switch_Edge
                0x000007a0       0x14 MCAL_Layer/Timer1/timer1.o
                0x000007a0                MCAL_Timer1_ICU_Switch_Edge
 .text.MCAL_Timer1_Get_ICU
                0x000007b4        0x6 MCAL_Layer/Timer1/timer1.o
                0x000007b4                MCAL_Timer1_Get_ICU
 .text.__vector_9
                0x000007ba       0x52 MCAL_Layer/Timer1/timer1.o
                0x000007ba                __vector_9
 .text.__vector_7
                0x0000080c       0x52 MCAL_Layer/Timer1/timer1.o
                0x0000080c                __vector_7
 .text.__vector_6
                0x0000085e       0x52 MCAL_Layer/Timer1/timer1.o
                0x0000085e                __vector_6
 .text.libgcc.div
                0x000008b0       0x28 d:/installed/7.0/toolchain/avr8/avr8-gnu-toolchain/bin/../lib/gcc/avr/5.4.0/avr5\libgcc.a(_divmodhi4.o)
                0x000008b0                _div
                0x000008b0                __divmodhi4
 .text.libgcc.div
                0x000008d8       0x28 d:/installed/7.0/toolchain/avr8/avr8-gnu-toolchain/bin/../lib/gcc/avr/5.4.0/avr5\libgcc.a(_udivmodhi4.o)
                0x000008d8                __udivmodhi4
                0x00000900                . = ALIGN (0x2)
 *(.fini9)
 .fini9         0x00000900        0x0 d:/installed/7.0/toolchain/avr8/avr8-gnu-toolchain/bin/../lib/gcc/avr/5.4.0/avr5\libgcc.a(_exit.o)
                0x00000900                _exit
                0x00000900                exit
 *(.fini9)
 *(.fini8)
 *(.fini8)
 *(.fini7)
 *(.fini7)
 *(.fini6)
 *(.fini6)
 *(.fini5)
 *(.fini5)
 *(.fini4)
 *(.fini4)
 *(.fini3)
 *(.fini3)
 *(.fini2)
 *(.fini2)
 *(.fini1)
 *(.fini1)
 *(.fini0)
 .fini0         0x00000900        0x4 d:/installed/7.0/toolchain/avr8/avr8-gnu-toolchain/bin/../lib/gcc/avr/5.4.0/avr5\libgcc.a(_exit.o)
 *(.fini0)
                0x00000904                _etext = .

.data           0x00800060       0x1a load address 0x00000904
                0x00800060                PROVIDE (__data_start, .)
 *(.data)
 *(.data*)
 .data.CAR_M2   0x00800060        0x2 ECU_Layer/Ecu_Init/ecu_init.o
                0x00800060                CAR_M2
 .data.CAR_M1   0x00800062        0x2 ECU_Layer/Ecu_Init/ecu_init.o
                0x00800062                CAR_M1
 .data.lcd1     0x00800064        0x6 ECU_Layer/Ecu_Init/ecu_init.o
                0x00800064                lcd1
 .data.current_edge.2213
                0x0080006a        0x1 main.o
 .data.t1_obj   0x0080006b        0x7 main.o
                0x0080006b                t1_obj
 .data.pwm_module
                0x00800072        0x7 main.o
                0x00800072                pwm_module
 *(.gnu.linkonce.d*)
 *(.rodata)
 *(.rodata*)
 *(.gnu.linkonce.r*)
                0x0080007a                . = ALIGN (0x2)
 *fill*         0x00800079        0x1 
                0x0080007a                _edata = .
                0x0080007a                PROVIDE (__data_end, .)

.bss            0x0080007a       0x1e
                0x0080007a                PROVIDE (__bss_start, .)
 *(.bss)
 *(.bss*)
 .bss.falling_edge_time
                0x0080007a        0x2 ECU_Layer/US_Sensor/US.o
                0x0080007a                falling_edge_time
 .bss.rising_edge_time
                0x0080007c        0x2 ECU_Layer/US_Sensor/US.o
                0x0080007c                rising_edge_time
 .bss.capture_done
                0x0080007e        0x1 ECU_Layer/US_Sensor/US.o
                0x0080007e                capture_done
 .bss.Gp_int_handler
                0x0080007f        0x6 MCAL_Layer/EXTI/EXTI.o
                0x0080007f                Gp_int_handler
 .bss.TIMER0_CTC_InerruptHanler
                0x00800085        0x2 MCAL_Layer/Timer0/timer0.o
 .bss.TIMER0_OVF_InerruptHanler
                0x00800087        0x2 MCAL_Layer/Timer0/timer0.o
 .bss.TIMER1_ICU_InerruptHanler
                0x00800089        0x2 MCAL_Layer/Timer1/timer1.o
 .bss.TIMER1_CTC_InerruptHanler
                0x0080008b        0x2 MCAL_Layer/Timer1/timer1.o
 .bss.TIMER1_OVF_InerruptHanler
                0x0080008d        0x2 MCAL_Layer/Timer1/timer1.o
 *(COMMON)
 COMMON         0x0080008f        0x7 main.o
                0x0080008f                us1
                0x00800091                distance
                0x00800093                duration
                0x00800095                speed
 COMMON         0x00800096        0x2 MCAL_Layer/ADC/adc.o
                0x00800096                P_ADC_InterruptHandler
                0x00800098                PROVIDE (__bss_end, .)
                0x00000904                __data_load_start = LOADADDR (.data)
                0x0000091e                __data_load_end = (__data_load_start + SIZEOF (.data))

.noinit         0x00800098        0x0
                [!provide]                PROVIDE (__noinit_start, .)
 *(.noinit*)
                [!provide]                PROVIDE (__noinit_end, .)
                0x00800098                _end = .
                [!provide]                PROVIDE (__heap_start, .)

.eeprom         0x00810000        0x0
 *(.eeprom*)
                0x00810000                __eeprom_end = .

.fuse
 *(.fuse)
 *(.lfuse)
 *(.hfuse)
 *(.efuse)

.lock
 *(.lock*)

.signature
 *(.signature*)

.user_signatures
 *(.user_signatures*)

.stab
 *(.stab)

.stabstr
 *(.stabstr)

.stab.excl
 *(.stab.excl)

.stab.exclstr
 *(.stab.exclstr)

.stab.index
 *(.stab.index)

.stab.indexstr
 *(.stab.indexstr)

.comment        0x00000000       0x30
 *(.comment)
 .comment       0x00000000       0x30 ECU_Layer/DC_Motor/motor.o
                                 0x31 (size before relaxing)
 .comment       0x00000030       0x31 ECU_Layer/Ecu_Init/ecu_init.o
 .comment       0x00000030       0x31 ECU_Layer/LCD/LCD.o
 .comment       0x00000030       0x31 ECU_Layer/US_Sensor/US.o
 .comment       0x00000030       0x31 main.o
 .comment       0x00000030       0x31 MCAL_Layer/ADC/adc.o
 .comment       0x00000030       0x31 MCAL_Layer/EXTI/EXTI.o
 .comment       0x00000030       0x31 MCAL_Layer/Gpio/gpio.o
 .comment       0x00000030       0x31 MCAL_Layer/Timer0/timer0.o
 .comment       0x00000030       0x31 MCAL_Layer/Timer1/timer1.o

.note.gnu.avr.deviceinfo
                0x00000000       0x3c
 .note.gnu.avr.deviceinfo
                0x00000000       0x3c D:/installed/7.0/Packs/atmel/ATmega_DFP/1.7.374/gcc/dev/atmega32/avr5/crtatmega32.o

.note.gnu.build-id
 *(.note.gnu.build-id)

.debug
 *(.debug)

.line
 *(.line)

.debug_srcinfo
 *(.debug_srcinfo)

.debug_sfnames
 *(.debug_sfnames)

.debug_aranges  0x00000000      0x348
 *(.debug_aranges)
 .debug_aranges
                0x00000000       0x38 ECU_Layer/DC_Motor/motor.o
 .debug_aranges
                0x00000038       0x20 ECU_Layer/Ecu_Init/ecu_init.o
 .debug_aranges
                0x00000058       0xc8 ECU_Layer/LCD/LCD.o
 .debug_aranges
                0x00000120       0x38 ECU_Layer/US_Sensor/US.o
 .debug_aranges
                0x00000158       0x28 main.o
 .debug_aranges
                0x00000180       0x38 MCAL_Layer/ADC/adc.o
 .debug_aranges
                0x000001b8       0x48 MCAL_Layer/EXTI/EXTI.o
 .debug_aranges
                0x00000200       0x90 MCAL_Layer/Gpio/gpio.o
 .debug_aranges
                0x00000290       0x50 MCAL_Layer/Timer0/timer0.o
 .debug_aranges
                0x000002e0       0x68 MCAL_Layer/Timer1/timer1.o

.debug_pubnames
 *(.debug_pubnames)

.debug_info     0x00000000     0x342a
 *(.debug_info .gnu.linkonce.wi.*)
 .debug_info    0x00000000      0x4e6 D:/installed/7.0/Packs/atmel/ATmega_DFP/1.7.374/gcc/dev/atmega32/avr5/crtatmega32.o
 .debug_info    0x000004e6      0x2a1 ECU_Layer/DC_Motor/motor.o
 .debug_info    0x00000787      0x204 ECU_Layer/Ecu_Init/ecu_init.o
 .debug_info    0x0000098b     0x13bf ECU_Layer/LCD/LCD.o
 .debug_info    0x00001d4a      0x366 ECU_Layer/US_Sensor/US.o
 .debug_info    0x000020b0      0x59b main.o
 .debug_info    0x0000264b      0x1c8 MCAL_Layer/ADC/adc.o
 .debug_info    0x00002813      0x25e MCAL_Layer/EXTI/EXTI.o
 .debug_info    0x00002a71      0x4fe MCAL_Layer/Gpio/gpio.o
 .debug_info    0x00002f6f      0x223 MCAL_Layer/Timer0/timer0.o
 .debug_info    0x00003192      0x298 MCAL_Layer/Timer1/timer1.o

.debug_abbrev   0x00000000     0x1378
 *(.debug_abbrev)
 .debug_abbrev  0x00000000      0x4a3 D:/installed/7.0/Packs/atmel/ATmega_DFP/1.7.374/gcc/dev/atmega32/avr5/crtatmega32.o
 .debug_abbrev  0x000004a3      0x100 ECU_Layer/DC_Motor/motor.o
 .debug_abbrev  0x000005a3       0xff ECU_Layer/Ecu_Init/ecu_init.o
 .debug_abbrev  0x000006a2      0x2d8 ECU_Layer/LCD/LCD.o
 .debug_abbrev  0x0000097a      0x1b3 ECU_Layer/US_Sensor/US.o
 .debug_abbrev  0x00000b2d      0x20f main.o
 .debug_abbrev  0x00000d3c      0x127 MCAL_Layer/ADC/adc.o
 .debug_abbrev  0x00000e63      0x156 MCAL_Layer/EXTI/EXTI.o
 .debug_abbrev  0x00000fb9      0x151 MCAL_Layer/Gpio/gpio.o
 .debug_abbrev  0x0000110a      0x12f MCAL_Layer/Timer0/timer0.o
 .debug_abbrev  0x00001239      0x13f MCAL_Layer/Timer1/timer1.o

.debug_line     0x00000000     0x1c3e
 *(.debug_line .debug_line.* .debug_line_end)
 .debug_line    0x00000000      0x116 D:/installed/7.0/Packs/atmel/ATmega_DFP/1.7.374/gcc/dev/atmega32/avr5/crtatmega32.o
 .debug_line    0x00000116      0x163 ECU_Layer/DC_Motor/motor.o
 .debug_line    0x00000279      0x132 ECU_Layer/Ecu_Init/ecu_init.o
 .debug_line    0x000003ab      0x727 ECU_Layer/LCD/LCD.o
 .debug_line    0x00000ad2      0x1dd ECU_Layer/US_Sensor/US.o
 .debug_line    0x00000caf      0x2aa main.o
 .debug_line    0x00000f59      0x145 MCAL_Layer/ADC/adc.o
 .debug_line    0x0000109e      0x1f3 MCAL_Layer/EXTI/EXTI.o
 .debug_line    0x00001291      0x587 MCAL_Layer/Gpio/gpio.o
 .debug_line    0x00001818      0x1c5 MCAL_Layer/Timer0/timer0.o
 .debug_line    0x000019dd      0x261 MCAL_Layer/Timer1/timer1.o

.debug_frame    0x00000000      0xa60
 *(.debug_frame)
 .debug_frame   0x00000000       0x84 ECU_Layer/DC_Motor/motor.o
 .debug_frame   0x00000084       0x24 ECU_Layer/Ecu_Init/ecu_init.o
 .debug_frame   0x000000a8      0x344 ECU_Layer/LCD/LCD.o
 .debug_frame   0x000003ec       0x6c ECU_Layer/US_Sensor/US.o
 .debug_frame   0x00000458       0x4c main.o
 .debug_frame   0x000004a4       0x9c MCAL_Layer/ADC/adc.o
 .debug_frame   0x00000540      0x158 MCAL_Layer/EXTI/EXTI.o
 .debug_frame   0x00000698      0x110 MCAL_Layer/Gpio/gpio.o
 .debug_frame   0x000007a8      0x120 MCAL_Layer/Timer0/timer0.o
 .debug_frame   0x000008c8      0x198 MCAL_Layer/Timer1/timer1.o

.debug_str      0x00000000      0xda0
 *(.debug_str)
 .debug_str     0x00000000      0x196 D:/installed/7.0/Packs/atmel/ATmega_DFP/1.7.374/gcc/dev/atmega32/avr5/crtatmega32.o
 .debug_str     0x00000196      0x1e8 ECU_Layer/DC_Motor/motor.o
                                0x21c (size before relaxing)
 .debug_str     0x0000037e       0x5a ECU_Layer/Ecu_Init/ecu_init.o
                                0x1fd (size before relaxing)
 .debug_str     0x000003d8      0x2a2 ECU_Layer/LCD/LCD.o
                                0x475 (size before relaxing)
 .debug_str     0x0000067a       0xef ECU_Layer/US_Sensor/US.o
                                0x2d6 (size before relaxing)
 .debug_str     0x00000769      0x159 main.o
                                0x418 (size before relaxing)
 .debug_str     0x000008c2      0x10d MCAL_Layer/ADC/adc.o
                                0x289 (size before relaxing)
 .debug_str     0x000009cf       0xcc MCAL_Layer/EXTI/EXTI.o
                                0x243 (size before relaxing)
 .debug_str     0x00000a9b      0x15a MCAL_Layer/Gpio/gpio.o
                                0x2fd (size before relaxing)
 .debug_str     0x00000bf5       0xc6 MCAL_Layer/Timer0/timer0.o
                                0x2a8 (size before relaxing)
 .debug_str     0x00000cbb       0xe5 MCAL_Layer/Timer1/timer1.o
                                0x2e6 (size before relaxing)

.debug_loc      0x00000000     0x346d
 *(.debug_loc)
 .debug_loc     0x00000000      0x194 ECU_Layer/DC_Motor/motor.o
 .debug_loc     0x00000194     0x19f8 ECU_Layer/LCD/LCD.o
 .debug_loc     0x00001b8c      0x19c ECU_Layer/US_Sensor/US.o
 .debug_loc     0x00001d28      0x146 main.o
 .debug_loc     0x00001e6e       0xf3 MCAL_Layer/ADC/adc.o
 .debug_loc     0x00001f61      0x356 MCAL_Layer/EXTI/EXTI.o
 .debug_loc     0x000022b7      0xb8a MCAL_Layer/Gpio/gpio.o
 .debug_loc     0x00002e41      0x262 MCAL_Layer/Timer0/timer0.o
 .debug_loc     0x000030a3      0x3ca MCAL_Layer/Timer1/timer1.o

.debug_macinfo
 *(.debug_macinfo)

.debug_weaknames
 *(.debug_weaknames)

.debug_funcnames
 *(.debug_funcnames)

.debug_typenames
 *(.debug_typenames)

.debug_varnames
 *(.debug_varnames)

.debug_pubtypes
 *(.debug_pubtypes)

.debug_ranges   0x00000000      0x2d8
 *(.debug_ranges)
 .debug_ranges  0x00000000       0x28 ECU_Layer/DC_Motor/motor.o
 .debug_ranges  0x00000028       0x10 ECU_Layer/Ecu_Init/ecu_init.o
 .debug_ranges  0x00000038       0xb8 ECU_Layer/LCD/LCD.o
 .debug_ranges  0x000000f0       0x28 ECU_Layer/US_Sensor/US.o
 .debug_ranges  0x00000118       0x18 main.o
 .debug_ranges  0x00000130       0x28 MCAL_Layer/ADC/adc.o
 .debug_ranges  0x00000158       0x38 MCAL_Layer/EXTI/EXTI.o
 .debug_ranges  0x00000190       0xb0 MCAL_Layer/Gpio/gpio.o
 .debug_ranges  0x00000240       0x40 MCAL_Layer/Timer0/timer0.o
 .debug_ranges  0x00000280       0x58 MCAL_Layer/Timer1/timer1.o

.debug_macro
 *(.debug_macro)
OUTPUT(My_Application.elf elf32-avr)
LOAD linker stubs
