Archive member included to satisfy reference by file (symbol)

d:/installed/7.0/toolchain/avr8/avr8-gnu-toolchain/bin/../lib/gcc/avr/5.4.0/avr5\libgcc.a(_divmodhi4.o)
                              MCAL_Layer/Timer0/timer0.o (__divmodhi4)
d:/installed/7.0/toolchain/avr8/avr8-gnu-toolchain/bin/../lib/gcc/avr/5.4.0/avr5\libgcc.a(_udivmodsi4.o)
                              MCAL_Layer/USART/usart.o (__udivmodsi4)
d:/installed/7.0/toolchain/avr8/avr8-gnu-toolchain/bin/../lib/gcc/avr/5.4.0/avr5\libgcc.a(_divmodsi4.o)
                              MCAL_Layer/Timer1/timer1.o (__divmodsi4)
d:/installed/7.0/toolchain/avr8/avr8-gnu-toolchain/bin/../lib/gcc/avr/5.4.0/avr5\libgcc.a(_negsi2.o)
                              d:/installed/7.0/toolchain/avr8/avr8-gnu-toolchain/bin/../lib/gcc/avr/5.4.0/avr5\libgcc.a(_divmodsi4.o) (__negsi2)
d:/installed/7.0/toolchain/avr8/avr8-gnu-toolchain/bin/../lib/gcc/avr/5.4.0/avr5\libgcc.a(_exit.o)
                              D:/installed/7.0/Packs/atmel/ATmega_DFP/1.7.374/gcc/dev/atmega32/avr5/crtatmega32.o (exit)
d:/installed/7.0/toolchain/avr8/avr8-gnu-toolchain/bin/../lib/gcc/avr/5.4.0/avr5\libgcc.a(_copy_data.o)
                              ECU_Layer/Ecu_Init/ecu_init.o (__do_copy_data)
d:/installed/7.0/toolchain/avr8/avr8-gnu-toolchain/bin/../lib/gcc/avr/5.4.0/avr5\libgcc.a(_clear_bss.o)
                              MCAL_Layer/ADC/adc.o (__do_clear_bss)
d:/installed/7.0/toolchain/avr8/avr8-gnu-toolchain/bin/../lib/gcc/avr/5.4.0/avr5\libgcc.a(_umulhisi3.o)
                              MCAL_Layer/Timer1/timer1.o (__umulhisi3)
d:/installed/7.0/toolchain/avr8/avr8-gnu-toolchain/bin/../lib/gcc/avr/5.4.0/avr5\libgcc.a(_udivmodhi4.o)
                              d:/installed/7.0/toolchain/avr8/avr8-gnu-toolchain/bin/../lib/gcc/avr/5.4.0/avr5\libgcc.a(_divmodhi4.o) (__udivmodhi4)
d:/installed/7.0/toolchain/avr8/avr8-gnu-toolchain/bin/../lib/gcc/avr/5.4.0/../../../../avr/lib/avr5\libc.a(sprintf.o)
                              ECU_Layer/LCD/LCD.o (sprintf)
d:/installed/7.0/toolchain/avr8/avr8-gnu-toolchain/bin/../lib/gcc/avr/5.4.0/../../../../avr/lib/avr5\libc.a(vfprintf_std.o)
                              d:/installed/7.0/toolchain/avr8/avr8-gnu-toolchain/bin/../lib/gcc/avr/5.4.0/../../../../avr/lib/avr5\libc.a(sprintf.o) (vfprintf)
d:/installed/7.0/toolchain/avr8/avr8-gnu-toolchain/bin/../lib/gcc/avr/5.4.0/../../../../avr/lib/avr5\libc.a(strnlen_P.o)
                              d:/installed/7.0/toolchain/avr8/avr8-gnu-toolchain/bin/../lib/gcc/avr/5.4.0/../../../../avr/lib/avr5\libc.a(vfprintf_std.o) (strnlen_P)
d:/installed/7.0/toolchain/avr8/avr8-gnu-toolchain/bin/../lib/gcc/avr/5.4.0/../../../../avr/lib/avr5\libc.a(strnlen.o)
                              d:/installed/7.0/toolchain/avr8/avr8-gnu-toolchain/bin/../lib/gcc/avr/5.4.0/../../../../avr/lib/avr5\libc.a(vfprintf_std.o) (strnlen)
d:/installed/7.0/toolchain/avr8/avr8-gnu-toolchain/bin/../lib/gcc/avr/5.4.0/../../../../avr/lib/avr5\libc.a(fputc.o)
                              d:/installed/7.0/toolchain/avr8/avr8-gnu-toolchain/bin/../lib/gcc/avr/5.4.0/../../../../avr/lib/avr5\libc.a(vfprintf_std.o) (fputc)
d:/installed/7.0/toolchain/avr8/avr8-gnu-toolchain/bin/../lib/gcc/avr/5.4.0/../../../../avr/lib/avr5\libc.a(ultoa_invert.o)
                              d:/installed/7.0/toolchain/avr8/avr8-gnu-toolchain/bin/../lib/gcc/avr/5.4.0/../../../../avr/lib/avr5\libc.a(vfprintf_std.o) (__ultoa_invert)
d:/installed/7.0/toolchain/avr8/avr8-gnu-toolchain/bin/../lib/gcc/avr/5.4.0/avr5\libgcc.a(_prologue.o)
                              d:/installed/7.0/toolchain/avr8/avr8-gnu-toolchain/bin/../lib/gcc/avr/5.4.0/../../../../avr/lib/avr5\libc.a(sprintf.o) (__prologue_saves__)
d:/installed/7.0/toolchain/avr8/avr8-gnu-toolchain/bin/../lib/gcc/avr/5.4.0/avr5\libgcc.a(_epilogue.o)
                              d:/installed/7.0/toolchain/avr8/avr8-gnu-toolchain/bin/../lib/gcc/avr/5.4.0/../../../../avr/lib/avr5\libc.a(sprintf.o) (__epilogue_restores__)

Allocating common symbols
Common symbol       size              file

P_USART_RX_Complete_Interrupt_Handler
                    0x2               MCAL_Layer/USART/usart.o
P_USART_TX_DR_Empty_Complete_Interrupt_Handler
                    0x2               MCAL_Layer/USART/usart.o
P_USART_TX_Complete_Interrupt_Handler
                    0x2               MCAL_Layer/USART/usart.o
P_ADC_InterruptHandler
                    0x2               MCAL_Layer/ADC/adc.o

Discarded input sections

 .data          0x00000000        0x0 D:/installed/7.0/Packs/atmel/ATmega_DFP/1.7.374/gcc/dev/atmega32/avr5/crtatmega32.o
 .bss           0x00000000        0x0 D:/installed/7.0/Packs/atmel/ATmega_DFP/1.7.374/gcc/dev/atmega32/avr5/crtatmega32.o
 .text          0x00000000        0x0 ECU_Layer/Button/button.o
 .data          0x00000000        0x0 ECU_Layer/Button/button.o
 .bss           0x00000000        0x0 ECU_Layer/Button/button.o
 .text.btn_init
                0x00000000       0x12 ECU_Layer/Button/button.o
 .text.btn_read_state
                0x00000000       0x7c ECU_Layer/Button/button.o
 .debug_info    0x00000000      0x271 ECU_Layer/Button/button.o
 .debug_abbrev  0x00000000      0x153 ECU_Layer/Button/button.o
 .debug_loc     0x00000000      0x1d8 ECU_Layer/Button/button.o
 .debug_aranges
                0x00000000       0x28 ECU_Layer/Button/button.o
 .debug_ranges  0x00000000       0x18 ECU_Layer/Button/button.o
 .debug_line    0x00000000      0x16d ECU_Layer/Button/button.o
 .debug_str     0x00000000      0x294 ECU_Layer/Button/button.o
 .comment       0x00000000       0x31 ECU_Layer/Button/button.o
 .debug_frame   0x00000000       0x58 ECU_Layer/Button/button.o
 .text          0x00000000        0x0 ECU_Layer/Ecu_Init/ecu_init.o
 .data          0x00000000        0x0 ECU_Layer/Ecu_Init/ecu_init.o
 .bss           0x00000000        0x0 ECU_Layer/Ecu_Init/ecu_init.o
 .text.ECU_Init
                0x00000000       0x12 ECU_Layer/Ecu_Init/ecu_init.o
 .data.keypad1  0x00000000        0x8 ECU_Layer/Ecu_Init/ecu_init.o
 .data.lcd1     0x00000000        0x6 ECU_Layer/Ecu_Init/ecu_init.o
 .debug_info    0x00000000      0x1d4 ECU_Layer/Ecu_Init/ecu_init.o
 .debug_abbrev  0x00000000       0xff ECU_Layer/Ecu_Init/ecu_init.o
 .debug_aranges
                0x00000000       0x20 ECU_Layer/Ecu_Init/ecu_init.o
 .debug_ranges  0x00000000       0x10 ECU_Layer/Ecu_Init/ecu_init.o
 .debug_line    0x00000000      0x134 ECU_Layer/Ecu_Init/ecu_init.o
 .debug_str     0x00000000      0x230 ECU_Layer/Ecu_Init/ecu_init.o
 .comment       0x00000000       0x31 ECU_Layer/Ecu_Init/ecu_init.o
 .debug_frame   0x00000000       0x24 ECU_Layer/Ecu_Init/ecu_init.o
 .text          0x00000000        0x0 ECU_Layer/Keypad/keypad.o
 .data          0x00000000        0x0 ECU_Layer/Keypad/keypad.o
 .bss           0x00000000        0x0 ECU_Layer/Keypad/keypad.o
 .text.keypad_initialize
                0x00000000       0x4e ECU_Layer/Keypad/keypad.o
 .text.keypad_get_value
                0x00000000       0xcc ECU_Layer/Keypad/keypad.o
 .data.keypad_values
                0x00000000       0x10 ECU_Layer/Keypad/keypad.o
 .debug_info    0x00000000      0x3ae ECU_Layer/Keypad/keypad.o
 .debug_abbrev  0x00000000      0x1d6 ECU_Layer/Keypad/keypad.o
 .debug_loc     0x00000000      0x2f5 ECU_Layer/Keypad/keypad.o
 .debug_aranges
                0x00000000       0x28 ECU_Layer/Keypad/keypad.o
 .debug_ranges  0x00000000       0x78 ECU_Layer/Keypad/keypad.o
 .debug_line    0x00000000      0x1fe ECU_Layer/Keypad/keypad.o
 .debug_str     0x00000000      0x2dd ECU_Layer/Keypad/keypad.o
 .comment       0x00000000       0x31 ECU_Layer/Keypad/keypad.o
 .debug_frame   0x00000000       0x80 ECU_Layer/Keypad/keypad.o
 .text          0x00000000        0x0 ECU_Layer/LCD/LCD.o
 .data          0x00000000        0x0 ECU_Layer/LCD/LCD.o
 .bss           0x00000000        0x0 ECU_Layer/LCD/LCD.o
 .text.lcd_4bit_send_4_bit
                0x00000000       0x46 ECU_Layer/LCD/LCD.o
 .text.lcd_4bit_send_enable_signal
                0x00000000       0x20 ECU_Layer/LCD/LCD.o
 .text.lcd_8bit_send_enable_signal
                0x00000000       0x20 ECU_Layer/LCD/LCD.o
 .text.lcd_4bit_send_command
                0x00000000       0x42 ECU_Layer/LCD/LCD.o
 .text.lcd_4bit_initialize
                0x00000000       0xae ECU_Layer/LCD/LCD.o
 .text.lcd_4bit_set_cursor
                0x00000000       0x3e ECU_Layer/LCD/LCD.o
 .text.lcd_4bit_send_char_data
                0x00000000       0x42 ECU_Layer/LCD/LCD.o
 .text.lcd_4bit_send_char_data_pos
                0x00000000       0x28 ECU_Layer/LCD/LCD.o
 .text.lcd_4bit_send_custom_chr
                0x00000000       0x72 ECU_Layer/LCD/LCD.o
 .text.lcd_4bit_send_string
                0x00000000       0x2e ECU_Layer/LCD/LCD.o
 .text.lcd_4bit_send_string_pos
                0x00000000       0x34 ECU_Layer/LCD/LCD.o
 .text.lcd_8bit_send_command
                0x00000000       0x5c ECU_Layer/LCD/LCD.o
 .text.lcd_8bit_initialize
                0x00000000       0xac ECU_Layer/LCD/LCD.o
 .text.lcd_8bit_set_cursor
                0x00000000       0x3e ECU_Layer/LCD/LCD.o
 .text.lcd_8bit_send_char_data
                0x00000000       0x5c ECU_Layer/LCD/LCD.o
 .text.lcd_8bit_send_char_data_pos
                0x00000000       0x28 ECU_Layer/LCD/LCD.o
 .text.lcd_8bit_send_custom_chr
                0x00000000       0x72 ECU_Layer/LCD/LCD.o
 .text.lcd_8bit_send_string
                0x00000000       0x2e ECU_Layer/LCD/LCD.o
 .text.lcd_8bit_send_string_pos
                0x00000000       0x34 ECU_Layer/LCD/LCD.o
 .rodata.str1.1
                0x00000000        0x3 ECU_Layer/LCD/LCD.o
 .text.convert_byte_to_string
                0x00000000       0x34 ECU_Layer/LCD/LCD.o
 .text.convert_short_to_string
                0x00000000       0x34 ECU_Layer/LCD/LCD.o
 .text.convert_int_to_string
                0x00000000       0x3c ECU_Layer/LCD/LCD.o
 .debug_info    0x00000000     0x13bf ECU_Layer/LCD/LCD.o
 .debug_abbrev  0x00000000      0x2d8 ECU_Layer/LCD/LCD.o
 .debug_loc     0x00000000     0x19f8 ECU_Layer/LCD/LCD.o
 .debug_aranges
                0x00000000       0xc8 ECU_Layer/LCD/LCD.o
 .debug_ranges  0x00000000       0xb8 ECU_Layer/LCD/LCD.o
 .debug_line    0x00000000      0x727 ECU_Layer/LCD/LCD.o
 .debug_str     0x00000000      0x4a6 ECU_Layer/LCD/LCD.o
 .comment       0x00000000       0x31 ECU_Layer/LCD/LCD.o
 .debug_frame   0x00000000      0x344 ECU_Layer/LCD/LCD.o
 .text          0x00000000        0x0 ECU_Layer/LED/LED.o
 .data          0x00000000        0x0 ECU_Layer/LED/LED.o
 .bss           0x00000000        0x0 ECU_Layer/LED/LED.o
 .text.LED_init
                0x00000000       0x4e ECU_Layer/LED/LED.o
 .text.LED_on   0x00000000       0x4e ECU_Layer/LED/LED.o
 .text.LED_off  0x00000000       0x4e ECU_Layer/LED/LED.o
 .text.LED_toggle
                0x00000000       0x4c ECU_Layer/LED/LED.o
 .debug_info    0x00000000      0x335 ECU_Layer/LED/LED.o
 .debug_abbrev  0x00000000      0x128 ECU_Layer/LED/LED.o
 .debug_loc     0x00000000      0x34c ECU_Layer/LED/LED.o
 .debug_aranges
                0x00000000       0x38 ECU_Layer/LED/LED.o
 .debug_ranges  0x00000000       0x28 ECU_Layer/LED/LED.o
 .debug_line    0x00000000      0x19f ECU_Layer/LED/LED.o
 .debug_str     0x00000000      0x250 ECU_Layer/LED/LED.o
 .comment       0x00000000       0x31 ECU_Layer/LED/LED.o
 .debug_frame   0x00000000       0x94 ECU_Layer/LED/LED.o
 .text          0x00000000        0x0 main.o
 .data          0x00000000        0x0 main.o
 .bss           0x00000000        0x0 main.o
 .text.UART_Init
                0x00000000        0xe main.o
 .text.UART_Receive
                0x00000000        0x8 main.o
 .text          0x00000000        0x0 MCAL_Layer/ADC/adc.o
 .data          0x00000000        0x0 MCAL_Layer/ADC/adc.o
 .bss           0x00000000        0x0 MCAL_Layer/ADC/adc.o
 .text.MCAL_ADC_Init
                0x00000000       0x62 MCAL_Layer/ADC/adc.o
 .text.MCAL_ADC_Start_Conversion
                0x00000000        0x8 MCAL_Layer/ADC/adc.o
 .text.MCAL_ADC_Get_Conversion_Result_Polling
                0x00000000       0x12 MCAL_Layer/ADC/adc.o
 .text          0x00000000        0x0 MCAL_Layer/EXTI/EXTI.o
 .data          0x00000000        0x0 MCAL_Layer/EXTI/EXTI.o
 .bss           0x00000000        0x0 MCAL_Layer/EXTI/EXTI.o
 .text.select_edge
                0x00000000       0x76 MCAL_Layer/EXTI/EXTI.o
 .text.enable_interrupt
                0x00000000       0x2e MCAL_Layer/EXTI/EXTI.o
 .text.EXTI_Init
                0x00000000       0x2a MCAL_Layer/EXTI/EXTI.o
 .text          0x00000000        0x0 MCAL_Layer/Gpio/gpio.o
 .data          0x00000000        0x0 MCAL_Layer/Gpio/gpio.o
 .bss           0x00000000        0x0 MCAL_Layer/Gpio/gpio.o
 .text.GPIO_Set_Pin_Direction
                0x00000000       0x7c MCAL_Layer/Gpio/gpio.o
 .text.GPIO_Get_Pin_Direction
                0x00000000       0x90 MCAL_Layer/Gpio/gpio.o
 .text.GPIO_Set_Pin_Logic
                0x00000000       0x7c MCAL_Layer/Gpio/gpio.o
 .text.GPIO_Pin_Init
                0x00000000       0x30 MCAL_Layer/Gpio/gpio.o
 .text.GPIO_Get_Pin_Logic
                0x00000000       0x90 MCAL_Layer/Gpio/gpio.o
 .text.GPIO_Active_Pin_PullUp_Resistor
                0x00000000       0xfa MCAL_Layer/Gpio/gpio.o
 .text.GPIO_DeActive_Pin_PullUp_Resistor
                0x00000000      0x102 MCAL_Layer/Gpio/gpio.o
 .text.GPIO_Toggle_Pin
                0x00000000       0x90 MCAL_Layer/Gpio/gpio.o
 .text.GPIO_Set_Port_Direction
                0x00000000       0x32 MCAL_Layer/Gpio/gpio.o
 .text.GPIO_Get_Port_Direction
                0x00000000       0x3c MCAL_Layer/Gpio/gpio.o
 .text.GPIO_Set_Port_Logic
                0x00000000       0x32 MCAL_Layer/Gpio/gpio.o
 .text.GPIO_Get_Port_Logic
                0x00000000       0x3c MCAL_Layer/Gpio/gpio.o
 .text.GPIO_Active_Port_PullUp_Resistor
                0x00000000       0x3c MCAL_Layer/Gpio/gpio.o
 .text.GPIO_DeActive_Port_PullUp_Resistor
                0x00000000       0x34 MCAL_Layer/Gpio/gpio.o
 .text.GPIO_Toggle_Port
                0x00000000       0x3c MCAL_Layer/Gpio/gpio.o
 .debug_info    0x00000000      0x4fe MCAL_Layer/Gpio/gpio.o
 .debug_abbrev  0x00000000      0x151 MCAL_Layer/Gpio/gpio.o
 .debug_loc     0x00000000      0xb8a MCAL_Layer/Gpio/gpio.o
 .debug_aranges
                0x00000000       0x90 MCAL_Layer/Gpio/gpio.o
 .debug_ranges  0x00000000       0xb0 MCAL_Layer/Gpio/gpio.o
 .debug_line    0x00000000      0x587 MCAL_Layer/Gpio/gpio.o
 .debug_str     0x00000000      0x32e MCAL_Layer/Gpio/gpio.o
 .comment       0x00000000       0x31 MCAL_Layer/Gpio/gpio.o
 .debug_frame   0x00000000      0x110 MCAL_Layer/Gpio/gpio.o
 .text          0x00000000        0x0 MCAL_Layer/Timer0/timer0.o
 .data          0x00000000        0x0 MCAL_Layer/Timer0/timer0.o
 .bss           0x00000000        0x0 MCAL_Layer/Timer0/timer0.o
 .text.mode_routine
                0x00000000       0x50 MCAL_Layer/Timer0/timer0.o
 .text.set_prescaler
                0x00000000        0xe MCAL_Layer/Timer0/timer0.o
 .text.MCAL_Timer0_Init
                0x00000000       0x40 MCAL_Layer/Timer0/timer0.o
 .text.MCAL_Timer0_CTC_mode_Write_Value
                0x00000000        0x4 MCAL_Layer/Timer0/timer0.o
 .text.MCAL_Timer0_Set_PWM_Duty_Cycle
                0x00000000       0x1a MCAL_Layer/Timer0/timer0.o
 .text          0x00000000        0x0 MCAL_Layer/Timer1/timer1.o
 .data          0x00000000        0x0 MCAL_Layer/Timer1/timer1.o
 .bss           0x00000000        0x0 MCAL_Layer/Timer1/timer1.o
 .text.set_prescaler
                0x00000000        0xe MCAL_Layer/Timer1/timer1.o
 .text.MCAL_Timer1_CTC_mode_Write_Value
                0x00000000        0x6 MCAL_Layer/Timer1/timer1.o
 .text.MCAL_Timer1_Set_PWM_Duty_Cycle
                0x00000000       0x1c MCAL_Layer/Timer1/timer1.o
 .text.mode_routine
                0x00000000       0x6c MCAL_Layer/Timer1/timer1.o
 .text.MCAL_Timer1_Init
                0x00000000       0x24 MCAL_Layer/Timer1/timer1.o
 .text.MCAL_Timer1_Set_ICU
                0x00000000       0x16 MCAL_Layer/Timer1/timer1.o
 .text.MCAL_Timer1_Get_ICU
                0x00000000       0x18 MCAL_Layer/Timer1/timer1.o
 .text          0x00000000        0x0 MCAL_Layer/USART/usart.o
 .data          0x00000000        0x0 MCAL_Layer/USART/usart.o
 .bss           0x00000000        0x0 MCAL_Layer/USART/usart.o
 .text.MCAL_USART_TransmitString_Polling
                0x00000000       0x14 MCAL_Layer/USART/usart.o
 COMMON         0x00000000        0x6 MCAL_Layer/USART/usart.o
 .text          0x00000000        0x0 d:/installed/7.0/toolchain/avr8/avr8-gnu-toolchain/bin/../lib/gcc/avr/5.4.0/avr5\libgcc.a(_divmodhi4.o)
 .data          0x00000000        0x0 d:/installed/7.0/toolchain/avr8/avr8-gnu-toolchain/bin/../lib/gcc/avr/5.4.0/avr5\libgcc.a(_divmodhi4.o)
 .bss           0x00000000        0x0 d:/installed/7.0/toolchain/avr8/avr8-gnu-toolchain/bin/../lib/gcc/avr/5.4.0/avr5\libgcc.a(_divmodhi4.o)
 .text.libgcc.mul
                0x00000000        0x0 d:/installed/7.0/toolchain/avr8/avr8-gnu-toolchain/bin/../lib/gcc/avr/5.4.0/avr5\libgcc.a(_divmodhi4.o)
 .text.libgcc.div
                0x00000000       0x28 d:/installed/7.0/toolchain/avr8/avr8-gnu-toolchain/bin/../lib/gcc/avr/5.4.0/avr5\libgcc.a(_divmodhi4.o)
 .text.libgcc   0x00000000        0x0 d:/installed/7.0/toolchain/avr8/avr8-gnu-toolchain/bin/../lib/gcc/avr/5.4.0/avr5\libgcc.a(_divmodhi4.o)
 .text.libgcc.prologue
                0x00000000        0x0 d:/installed/7.0/toolchain/avr8/avr8-gnu-toolchain/bin/../lib/gcc/avr/5.4.0/avr5\libgcc.a(_divmodhi4.o)
 .text.libgcc.builtins
                0x00000000        0x0 d:/installed/7.0/toolchain/avr8/avr8-gnu-toolchain/bin/../lib/gcc/avr/5.4.0/avr5\libgcc.a(_divmodhi4.o)
 .text.libgcc.fmul
                0x00000000        0x0 d:/installed/7.0/toolchain/avr8/avr8-gnu-toolchain/bin/../lib/gcc/avr/5.4.0/avr5\libgcc.a(_divmodhi4.o)
 .text.libgcc.fixed
                0x00000000        0x0 d:/installed/7.0/toolchain/avr8/avr8-gnu-toolchain/bin/../lib/gcc/avr/5.4.0/avr5\libgcc.a(_divmodhi4.o)
 .text          0x00000000        0x0 d:/installed/7.0/toolchain/avr8/avr8-gnu-toolchain/bin/../lib/gcc/avr/5.4.0/avr5\libgcc.a(_udivmodsi4.o)
 .data          0x00000000        0x0 d:/installed/7.0/toolchain/avr8/avr8-gnu-toolchain/bin/../lib/gcc/avr/5.4.0/avr5\libgcc.a(_udivmodsi4.o)
 .bss           0x00000000        0x0 d:/installed/7.0/toolchain/avr8/avr8-gnu-toolchain/bin/../lib/gcc/avr/5.4.0/avr5\libgcc.a(_udivmodsi4.o)
 .text.libgcc.mul
                0x00000000        0x0 d:/installed/7.0/toolchain/avr8/avr8-gnu-toolchain/bin/../lib/gcc/avr/5.4.0/avr5\libgcc.a(_udivmodsi4.o)
 .text.libgcc   0x00000000        0x0 d:/installed/7.0/toolchain/avr8/avr8-gnu-toolchain/bin/../lib/gcc/avr/5.4.0/avr5\libgcc.a(_udivmodsi4.o)
 .text.libgcc.prologue
                0x00000000        0x0 d:/installed/7.0/toolchain/avr8/avr8-gnu-toolchain/bin/../lib/gcc/avr/5.4.0/avr5\libgcc.a(_udivmodsi4.o)
 .text.libgcc.builtins
                0x00000000        0x0 d:/installed/7.0/toolchain/avr8/avr8-gnu-toolchain/bin/../lib/gcc/avr/5.4.0/avr5\libgcc.a(_udivmodsi4.o)
 .text.libgcc.fmul
                0x00000000        0x0 d:/installed/7.0/toolchain/avr8/avr8-gnu-toolchain/bin/../lib/gcc/avr/5.4.0/avr5\libgcc.a(_udivmodsi4.o)
 .text.libgcc.fixed
                0x00000000        0x0 d:/installed/7.0/toolchain/avr8/avr8-gnu-toolchain/bin/../lib/gcc/avr/5.4.0/avr5\libgcc.a(_udivmodsi4.o)
 .text          0x00000000        0x0 d:/installed/7.0/toolchain/avr8/avr8-gnu-toolchain/bin/../lib/gcc/avr/5.4.0/avr5\libgcc.a(_divmodsi4.o)
 .data          0x00000000        0x0 d:/installed/7.0/toolchain/avr8/avr8-gnu-toolchain/bin/../lib/gcc/avr/5.4.0/avr5\libgcc.a(_divmodsi4.o)
 .bss           0x00000000        0x0 d:/installed/7.0/toolchain/avr8/avr8-gnu-toolchain/bin/../lib/gcc/avr/5.4.0/avr5\libgcc.a(_divmodsi4.o)
 .text.libgcc.mul
                0x00000000        0x0 d:/installed/7.0/toolchain/avr8/avr8-gnu-toolchain/bin/../lib/gcc/avr/5.4.0/avr5\libgcc.a(_divmodsi4.o)
 .text.libgcc.div
                0x00000000       0x2e d:/installed/7.0/toolchain/avr8/avr8-gnu-toolchain/bin/../lib/gcc/avr/5.4.0/avr5\libgcc.a(_divmodsi4.o)
 .text.libgcc   0x00000000        0x0 d:/installed/7.0/toolchain/avr8/avr8-gnu-toolchain/bin/../lib/gcc/avr/5.4.0/avr5\libgcc.a(_divmodsi4.o)
 .text.libgcc.prologue
                0x00000000        0x0 d:/installed/7.0/toolchain/avr8/avr8-gnu-toolchain/bin/../lib/gcc/avr/5.4.0/avr5\libgcc.a(_divmodsi4.o)
 .text.libgcc.builtins
                0x00000000        0x0 d:/installed/7.0/toolchain/avr8/avr8-gnu-toolchain/bin/../lib/gcc/avr/5.4.0/avr5\libgcc.a(_divmodsi4.o)
 .text.libgcc.fmul
                0x00000000        0x0 d:/installed/7.0/toolchain/avr8/avr8-gnu-toolchain/bin/../lib/gcc/avr/5.4.0/avr5\libgcc.a(_divmodsi4.o)
 .text.libgcc.fixed
                0x00000000        0x0 d:/installed/7.0/toolchain/avr8/avr8-gnu-toolchain/bin/../lib/gcc/avr/5.4.0/avr5\libgcc.a(_divmodsi4.o)
 .text          0x00000000        0x0 d:/installed/7.0/toolchain/avr8/avr8-gnu-toolchain/bin/../lib/gcc/avr/5.4.0/avr5\libgcc.a(_negsi2.o)
 .data          0x00000000        0x0 d:/installed/7.0/toolchain/avr8/avr8-gnu-toolchain/bin/../lib/gcc/avr/5.4.0/avr5\libgcc.a(_negsi2.o)
 .bss           0x00000000        0x0 d:/installed/7.0/toolchain/avr8/avr8-gnu-toolchain/bin/../lib/gcc/avr/5.4.0/avr5\libgcc.a(_negsi2.o)
 .text.libgcc.mul
                0x00000000        0x0 d:/installed/7.0/toolchain/avr8/avr8-gnu-toolchain/bin/../lib/gcc/avr/5.4.0/avr5\libgcc.a(_negsi2.o)
 .text.libgcc.div
                0x00000000       0x10 d:/installed/7.0/toolchain/avr8/avr8-gnu-toolchain/bin/../lib/gcc/avr/5.4.0/avr5\libgcc.a(_negsi2.o)
 .text.libgcc   0x00000000        0x0 d:/installed/7.0/toolchain/avr8/avr8-gnu-toolchain/bin/../lib/gcc/avr/5.4.0/avr5\libgcc.a(_negsi2.o)
 .text.libgcc.prologue
                0x00000000        0x0 d:/installed/7.0/toolchain/avr8/avr8-gnu-toolchain/bin/../lib/gcc/avr/5.4.0/avr5\libgcc.a(_negsi2.o)
 .text.libgcc.builtins
                0x00000000        0x0 d:/installed/7.0/toolchain/avr8/avr8-gnu-toolchain/bin/../lib/gcc/avr/5.4.0/avr5\libgcc.a(_negsi2.o)
 .text.libgcc.fmul
                0x00000000        0x0 d:/installed/7.0/toolchain/avr8/avr8-gnu-toolchain/bin/../lib/gcc/avr/5.4.0/avr5\libgcc.a(_negsi2.o)
 .text.libgcc.fixed
                0x00000000        0x0 d:/installed/7.0/toolchain/avr8/avr8-gnu-toolchain/bin/../lib/gcc/avr/5.4.0/avr5\libgcc.a(_negsi2.o)
 .text          0x00000000        0x0 d:/installed/7.0/toolchain/avr8/avr8-gnu-toolchain/bin/../lib/gcc/avr/5.4.0/avr5\libgcc.a(_exit.o)
 .data          0x00000000        0x0 d:/installed/7.0/toolchain/avr8/avr8-gnu-toolchain/bin/../lib/gcc/avr/5.4.0/avr5\libgcc.a(_exit.o)
 .bss           0x00000000        0x0 d:/installed/7.0/toolchain/avr8/avr8-gnu-toolchain/bin/../lib/gcc/avr/5.4.0/avr5\libgcc.a(_exit.o)
 .text.libgcc.mul
                0x00000000        0x0 d:/installed/7.0/toolchain/avr8/avr8-gnu-toolchain/bin/../lib/gcc/avr/5.4.0/avr5\libgcc.a(_exit.o)
 .text.libgcc.div
                0x00000000        0x0 d:/installed/7.0/toolchain/avr8/avr8-gnu-toolchain/bin/../lib/gcc/avr/5.4.0/avr5\libgcc.a(_exit.o)
 .text.libgcc   0x00000000        0x0 d:/installed/7.0/toolchain/avr8/avr8-gnu-toolchain/bin/../lib/gcc/avr/5.4.0/avr5\libgcc.a(_exit.o)
 .text.libgcc.prologue
                0x00000000        0x0 d:/installed/7.0/toolchain/avr8/avr8-gnu-toolchain/bin/../lib/gcc/avr/5.4.0/avr5\libgcc.a(_exit.o)
 .text.libgcc.builtins
                0x00000000        0x0 d:/installed/7.0/toolchain/avr8/avr8-gnu-toolchain/bin/../lib/gcc/avr/5.4.0/avr5\libgcc.a(_exit.o)
 .text.libgcc.fmul
                0x00000000        0x0 d:/installed/7.0/toolchain/avr8/avr8-gnu-toolchain/bin/../lib/gcc/avr/5.4.0/avr5\libgcc.a(_exit.o)
 .text.libgcc.fixed
                0x00000000        0x0 d:/installed/7.0/toolchain/avr8/avr8-gnu-toolchain/bin/../lib/gcc/avr/5.4.0/avr5\libgcc.a(_exit.o)
 .text          0x00000000        0x0 d:/installed/7.0/toolchain/avr8/avr8-gnu-toolchain/bin/../lib/gcc/avr/5.4.0/avr5\libgcc.a(_copy_data.o)
 .data          0x00000000        0x0 d:/installed/7.0/toolchain/avr8/avr8-gnu-toolchain/bin/../lib/gcc/avr/5.4.0/avr5\libgcc.a(_copy_data.o)
 .bss           0x00000000        0x0 d:/installed/7.0/toolchain/avr8/avr8-gnu-toolchain/bin/../lib/gcc/avr/5.4.0/avr5\libgcc.a(_copy_data.o)
 .text.libgcc.mul
                0x00000000        0x0 d:/installed/7.0/toolchain/avr8/avr8-gnu-toolchain/bin/../lib/gcc/avr/5.4.0/avr5\libgcc.a(_copy_data.o)
 .text.libgcc.div
                0x00000000        0x0 d:/installed/7.0/toolchain/avr8/avr8-gnu-toolchain/bin/../lib/gcc/avr/5.4.0/avr5\libgcc.a(_copy_data.o)
 .text.libgcc   0x00000000        0x0 d:/installed/7.0/toolchain/avr8/avr8-gnu-toolchain/bin/../lib/gcc/avr/5.4.0/avr5\libgcc.a(_copy_data.o)
 .text.libgcc.prologue
                0x00000000        0x0 d:/installed/7.0/toolchain/avr8/avr8-gnu-toolchain/bin/../lib/gcc/avr/5.4.0/avr5\libgcc.a(_copy_data.o)
 .text.libgcc.builtins
                0x00000000        0x0 d:/installed/7.0/toolchain/avr8/avr8-gnu-toolchain/bin/../lib/gcc/avr/5.4.0/avr5\libgcc.a(_copy_data.o)
 .text.libgcc.fmul
                0x00000000        0x0 d:/installed/7.0/toolchain/avr8/avr8-gnu-toolchain/bin/../lib/gcc/avr/5.4.0/avr5\libgcc.a(_copy_data.o)
 .text.libgcc.fixed
                0x00000000        0x0 d:/installed/7.0/toolchain/avr8/avr8-gnu-toolchain/bin/../lib/gcc/avr/5.4.0/avr5\libgcc.a(_copy_data.o)
 .text          0x00000000        0x0 d:/installed/7.0/toolchain/avr8/avr8-gnu-toolchain/bin/../lib/gcc/avr/5.4.0/avr5\libgcc.a(_clear_bss.o)
 .data          0x00000000        0x0 d:/installed/7.0/toolchain/avr8/avr8-gnu-toolchain/bin/../lib/gcc/avr/5.4.0/avr5\libgcc.a(_clear_bss.o)
 .bss           0x00000000        0x0 d:/installed/7.0/toolchain/avr8/avr8-gnu-toolchain/bin/../lib/gcc/avr/5.4.0/avr5\libgcc.a(_clear_bss.o)
 .text.libgcc.mul
                0x00000000        0x0 d:/installed/7.0/toolchain/avr8/avr8-gnu-toolchain/bin/../lib/gcc/avr/5.4.0/avr5\libgcc.a(_clear_bss.o)
 .text.libgcc.div
                0x00000000        0x0 d:/installed/7.0/toolchain/avr8/avr8-gnu-toolchain/bin/../lib/gcc/avr/5.4.0/avr5\libgcc.a(_clear_bss.o)
 .text.libgcc   0x00000000        0x0 d:/installed/7.0/toolchain/avr8/avr8-gnu-toolchain/bin/../lib/gcc/avr/5.4.0/avr5\libgcc.a(_clear_bss.o)
 .text.libgcc.prologue
                0x00000000        0x0 d:/installed/7.0/toolchain/avr8/avr8-gnu-toolchain/bin/../lib/gcc/avr/5.4.0/avr5\libgcc.a(_clear_bss.o)
 .text.libgcc.builtins
                0x00000000        0x0 d:/installed/7.0/toolchain/avr8/avr8-gnu-toolchain/bin/../lib/gcc/avr/5.4.0/avr5\libgcc.a(_clear_bss.o)
 .text.libgcc.fmul
                0x00000000        0x0 d:/installed/7.0/toolchain/avr8/avr8-gnu-toolchain/bin/../lib/gcc/avr/5.4.0/avr5\libgcc.a(_clear_bss.o)
 .text.libgcc.fixed
                0x00000000        0x0 d:/installed/7.0/toolchain/avr8/avr8-gnu-toolchain/bin/../lib/gcc/avr/5.4.0/avr5\libgcc.a(_clear_bss.o)
 .text          0x00000000        0x0 d:/installed/7.0/toolchain/avr8/avr8-gnu-toolchain/bin/../lib/gcc/avr/5.4.0/avr5\libgcc.a(_umulhisi3.o)
 .data          0x00000000        0x0 d:/installed/7.0/toolchain/avr8/avr8-gnu-toolchain/bin/../lib/gcc/avr/5.4.0/avr5\libgcc.a(_umulhisi3.o)
 .bss           0x00000000        0x0 d:/installed/7.0/toolchain/avr8/avr8-gnu-toolchain/bin/../lib/gcc/avr/5.4.0/avr5\libgcc.a(_umulhisi3.o)
 .text.libgcc.mul
                0x00000000       0x1e d:/installed/7.0/toolchain/avr8/avr8-gnu-toolchain/bin/../lib/gcc/avr/5.4.0/avr5\libgcc.a(_umulhisi3.o)
 .text.libgcc.div
                0x00000000        0x0 d:/installed/7.0/toolchain/avr8/avr8-gnu-toolchain/bin/../lib/gcc/avr/5.4.0/avr5\libgcc.a(_umulhisi3.o)
 .text.libgcc   0x00000000        0x0 d:/installed/7.0/toolchain/avr8/avr8-gnu-toolchain/bin/../lib/gcc/avr/5.4.0/avr5\libgcc.a(_umulhisi3.o)
 .text.libgcc.prologue
                0x00000000        0x0 d:/installed/7.0/toolchain/avr8/avr8-gnu-toolchain/bin/../lib/gcc/avr/5.4.0/avr5\libgcc.a(_umulhisi3.o)
 .text.libgcc.builtins
                0x00000000        0x0 d:/installed/7.0/toolchain/avr8/avr8-gnu-toolchain/bin/../lib/gcc/avr/5.4.0/avr5\libgcc.a(_umulhisi3.o)
 .text.libgcc.fmul
                0x00000000        0x0 d:/installed/7.0/toolchain/avr8/avr8-gnu-toolchain/bin/../lib/gcc/avr/5.4.0/avr5\libgcc.a(_umulhisi3.o)
 .text.libgcc.fixed
                0x00000000        0x0 d:/installed/7.0/toolchain/avr8/avr8-gnu-toolchain/bin/../lib/gcc/avr/5.4.0/avr5\libgcc.a(_umulhisi3.o)
 .text          0x00000000        0x0 d:/installed/7.0/toolchain/avr8/avr8-gnu-toolchain/bin/../lib/gcc/avr/5.4.0/avr5\libgcc.a(_udivmodhi4.o)
 .data          0x00000000        0x0 d:/installed/7.0/toolchain/avr8/avr8-gnu-toolchain/bin/../lib/gcc/avr/5.4.0/avr5\libgcc.a(_udivmodhi4.o)
 .bss           0x00000000        0x0 d:/installed/7.0/toolchain/avr8/avr8-gnu-toolchain/bin/../lib/gcc/avr/5.4.0/avr5\libgcc.a(_udivmodhi4.o)
 .text.libgcc.mul
                0x00000000        0x0 d:/installed/7.0/toolchain/avr8/avr8-gnu-toolchain/bin/../lib/gcc/avr/5.4.0/avr5\libgcc.a(_udivmodhi4.o)
 .text.libgcc.div
                0x00000000       0x28 d:/installed/7.0/toolchain/avr8/avr8-gnu-toolchain/bin/../lib/gcc/avr/5.4.0/avr5\libgcc.a(_udivmodhi4.o)
 .text.libgcc   0x00000000        0x0 d:/installed/7.0/toolchain/avr8/avr8-gnu-toolchain/bin/../lib/gcc/avr/5.4.0/avr5\libgcc.a(_udivmodhi4.o)
 .text.libgcc.prologue
                0x00000000        0x0 d:/installed/7.0/toolchain/avr8/avr8-gnu-toolchain/bin/../lib/gcc/avr/5.4.0/avr5\libgcc.a(_udivmodhi4.o)
 .text.libgcc.builtins
                0x00000000        0x0 d:/installed/7.0/toolchain/avr8/avr8-gnu-toolchain/bin/../lib/gcc/avr/5.4.0/avr5\libgcc.a(_udivmodhi4.o)
 .text.libgcc.fmul
                0x00000000        0x0 d:/installed/7.0/toolchain/avr8/avr8-gnu-toolchain/bin/../lib/gcc/avr/5.4.0/avr5\libgcc.a(_udivmodhi4.o)
 .text.libgcc.fixed
                0x00000000        0x0 d:/installed/7.0/toolchain/avr8/avr8-gnu-toolchain/bin/../lib/gcc/avr/5.4.0/avr5\libgcc.a(_udivmodhi4.o)
 .text          0x00000000        0x0 d:/installed/7.0/toolchain/avr8/avr8-gnu-toolchain/bin/../lib/gcc/avr/5.4.0/../../../../avr/lib/avr5\libc.a(sprintf.o)
 .data          0x00000000        0x0 d:/installed/7.0/toolchain/avr8/avr8-gnu-toolchain/bin/../lib/gcc/avr/5.4.0/../../../../avr/lib/avr5\libc.a(sprintf.o)
 .bss           0x00000000        0x0 d:/installed/7.0/toolchain/avr8/avr8-gnu-toolchain/bin/../lib/gcc/avr/5.4.0/../../../../avr/lib/avr5\libc.a(sprintf.o)
 .text.avr-libc
                0x00000000       0x44 d:/installed/7.0/toolchain/avr8/avr8-gnu-toolchain/bin/../lib/gcc/avr/5.4.0/../../../../avr/lib/avr5\libc.a(sprintf.o)
 .comment       0x00000000       0x31 d:/installed/7.0/toolchain/avr8/avr8-gnu-toolchain/bin/../lib/gcc/avr/5.4.0/../../../../avr/lib/avr5\libc.a(sprintf.o)
 .text          0x00000000        0x0 d:/installed/7.0/toolchain/avr8/avr8-gnu-toolchain/bin/../lib/gcc/avr/5.4.0/../../../../avr/lib/avr5\libc.a(vfprintf_std.o)
 .data          0x00000000        0x0 d:/installed/7.0/toolchain/avr8/avr8-gnu-toolchain/bin/../lib/gcc/avr/5.4.0/../../../../avr/lib/avr5\libc.a(vfprintf_std.o)
 .bss           0x00000000        0x0 d:/installed/7.0/toolchain/avr8/avr8-gnu-toolchain/bin/../lib/gcc/avr/5.4.0/../../../../avr/lib/avr5\libc.a(vfprintf_std.o)
 .text.avr-libc
                0x00000000      0x3c2 d:/installed/7.0/toolchain/avr8/avr8-gnu-toolchain/bin/../lib/gcc/avr/5.4.0/../../../../avr/lib/avr5\libc.a(vfprintf_std.o)
 .comment       0x00000000       0x2d d:/installed/7.0/toolchain/avr8/avr8-gnu-toolchain/bin/../lib/gcc/avr/5.4.0/../../../../avr/lib/avr5\libc.a(vfprintf_std.o)
 .text          0x00000000        0x0 d:/installed/7.0/toolchain/avr8/avr8-gnu-toolchain/bin/../lib/gcc/avr/5.4.0/../../../../avr/lib/avr5\libc.a(strnlen_P.o)
 .data          0x00000000        0x0 d:/installed/7.0/toolchain/avr8/avr8-gnu-toolchain/bin/../lib/gcc/avr/5.4.0/../../../../avr/lib/avr5\libc.a(strnlen_P.o)
 .bss           0x00000000        0x0 d:/installed/7.0/toolchain/avr8/avr8-gnu-toolchain/bin/../lib/gcc/avr/5.4.0/../../../../avr/lib/avr5\libc.a(strnlen_P.o)
 .text.avr-libc
                0x00000000       0x16 d:/installed/7.0/toolchain/avr8/avr8-gnu-toolchain/bin/../lib/gcc/avr/5.4.0/../../../../avr/lib/avr5\libc.a(strnlen_P.o)
 .text          0x00000000        0x0 d:/installed/7.0/toolchain/avr8/avr8-gnu-toolchain/bin/../lib/gcc/avr/5.4.0/../../../../avr/lib/avr5\libc.a(strnlen.o)
 .data          0x00000000        0x0 d:/installed/7.0/toolchain/avr8/avr8-gnu-toolchain/bin/../lib/gcc/avr/5.4.0/../../../../avr/lib/avr5\libc.a(strnlen.o)
 .bss           0x00000000        0x0 d:/installed/7.0/toolchain/avr8/avr8-gnu-toolchain/bin/../lib/gcc/avr/5.4.0/../../../../avr/lib/avr5\libc.a(strnlen.o)
 .text.avr-libc
                0x00000000       0x16 d:/installed/7.0/toolchain/avr8/avr8-gnu-toolchain/bin/../lib/gcc/avr/5.4.0/../../../../avr/lib/avr5\libc.a(strnlen.o)
 .text          0x00000000        0x0 d:/installed/7.0/toolchain/avr8/avr8-gnu-toolchain/bin/../lib/gcc/avr/5.4.0/../../../../avr/lib/avr5\libc.a(fputc.o)
 .data          0x00000000        0x0 d:/installed/7.0/toolchain/avr8/avr8-gnu-toolchain/bin/../lib/gcc/avr/5.4.0/../../../../avr/lib/avr5\libc.a(fputc.o)
 .bss           0x00000000        0x0 d:/installed/7.0/toolchain/avr8/avr8-gnu-toolchain/bin/../lib/gcc/avr/5.4.0/../../../../avr/lib/avr5\libc.a(fputc.o)
 .text.avr-libc
                0x00000000       0x78 d:/installed/7.0/toolchain/avr8/avr8-gnu-toolchain/bin/../lib/gcc/avr/5.4.0/../../../../avr/lib/avr5\libc.a(fputc.o)
 .comment       0x00000000       0x31 d:/installed/7.0/toolchain/avr8/avr8-gnu-toolchain/bin/../lib/gcc/avr/5.4.0/../../../../avr/lib/avr5\libc.a(fputc.o)
 .text          0x00000000        0x0 d:/installed/7.0/toolchain/avr8/avr8-gnu-toolchain/bin/../lib/gcc/avr/5.4.0/../../../../avr/lib/avr5\libc.a(ultoa_invert.o)
 .data          0x00000000        0x0 d:/installed/7.0/toolchain/avr8/avr8-gnu-toolchain/bin/../lib/gcc/avr/5.4.0/../../../../avr/lib/avr5\libc.a(ultoa_invert.o)
 .bss           0x00000000        0x0 d:/installed/7.0/toolchain/avr8/avr8-gnu-toolchain/bin/../lib/gcc/avr/5.4.0/../../../../avr/lib/avr5\libc.a(ultoa_invert.o)
 .text.avr-libc
                0x00000000       0xbc d:/installed/7.0/toolchain/avr8/avr8-gnu-toolchain/bin/../lib/gcc/avr/5.4.0/../../../../avr/lib/avr5\libc.a(ultoa_invert.o)
 .text          0x00000000        0x0 d:/installed/7.0/toolchain/avr8/avr8-gnu-toolchain/bin/../lib/gcc/avr/5.4.0/avr5\libgcc.a(_prologue.o)
 .data          0x00000000        0x0 d:/installed/7.0/toolchain/avr8/avr8-gnu-toolchain/bin/../lib/gcc/avr/5.4.0/avr5\libgcc.a(_prologue.o)
 .bss           0x00000000        0x0 d:/installed/7.0/toolchain/avr8/avr8-gnu-toolchain/bin/../lib/gcc/avr/5.4.0/avr5\libgcc.a(_prologue.o)
 .text.libgcc.mul
                0x00000000        0x0 d:/installed/7.0/toolchain/avr8/avr8-gnu-toolchain/bin/../lib/gcc/avr/5.4.0/avr5\libgcc.a(_prologue.o)
 .text.libgcc.div
                0x00000000        0x0 d:/installed/7.0/toolchain/avr8/avr8-gnu-toolchain/bin/../lib/gcc/avr/5.4.0/avr5\libgcc.a(_prologue.o)
 .text.libgcc   0x00000000        0x0 d:/installed/7.0/toolchain/avr8/avr8-gnu-toolchain/bin/../lib/gcc/avr/5.4.0/avr5\libgcc.a(_prologue.o)
 .text.libgcc.prologue
                0x00000000       0x38 d:/installed/7.0/toolchain/avr8/avr8-gnu-toolchain/bin/../lib/gcc/avr/5.4.0/avr5\libgcc.a(_prologue.o)
 .text.libgcc.builtins
                0x00000000        0x0 d:/installed/7.0/toolchain/avr8/avr8-gnu-toolchain/bin/../lib/gcc/avr/5.4.0/avr5\libgcc.a(_prologue.o)
 .text.libgcc.fmul
                0x00000000        0x0 d:/installed/7.0/toolchain/avr8/avr8-gnu-toolchain/bin/../lib/gcc/avr/5.4.0/avr5\libgcc.a(_prologue.o)
 .text.libgcc.fixed
                0x00000000        0x0 d:/installed/7.0/toolchain/avr8/avr8-gnu-toolchain/bin/../lib/gcc/avr/5.4.0/avr5\libgcc.a(_prologue.o)
 .text          0x00000000        0x0 d:/installed/7.0/toolchain/avr8/avr8-gnu-toolchain/bin/../lib/gcc/avr/5.4.0/avr5\libgcc.a(_epilogue.o)
 .data          0x00000000        0x0 d:/installed/7.0/toolchain/avr8/avr8-gnu-toolchain/bin/../lib/gcc/avr/5.4.0/avr5\libgcc.a(_epilogue.o)
 .bss           0x00000000        0x0 d:/installed/7.0/toolchain/avr8/avr8-gnu-toolchain/bin/../lib/gcc/avr/5.4.0/avr5\libgcc.a(_epilogue.o)
 .text.libgcc.mul
                0x00000000        0x0 d:/installed/7.0/toolchain/avr8/avr8-gnu-toolchain/bin/../lib/gcc/avr/5.4.0/avr5\libgcc.a(_epilogue.o)
 .text.libgcc.div
                0x00000000        0x0 d:/installed/7.0/toolchain/avr8/avr8-gnu-toolchain/bin/../lib/gcc/avr/5.4.0/avr5\libgcc.a(_epilogue.o)
 .text.libgcc   0x00000000        0x0 d:/installed/7.0/toolchain/avr8/avr8-gnu-toolchain/bin/../lib/gcc/avr/5.4.0/avr5\libgcc.a(_epilogue.o)
 .text.libgcc.prologue
                0x00000000       0x36 d:/installed/7.0/toolchain/avr8/avr8-gnu-toolchain/bin/../lib/gcc/avr/5.4.0/avr5\libgcc.a(_epilogue.o)
 .text.libgcc.builtins
                0x00000000        0x0 d:/installed/7.0/toolchain/avr8/avr8-gnu-toolchain/bin/../lib/gcc/avr/5.4.0/avr5\libgcc.a(_epilogue.o)
 .text.libgcc.fmul
                0x00000000        0x0 d:/installed/7.0/toolchain/avr8/avr8-gnu-toolchain/bin/../lib/gcc/avr/5.4.0/avr5\libgcc.a(_epilogue.o)
 .text.libgcc.fixed
                0x00000000        0x0 d:/installed/7.0/toolchain/avr8/avr8-gnu-toolchain/bin/../lib/gcc/avr/5.4.0/avr5\libgcc.a(_epilogue.o)

Memory Configuration

Name             Origin             Length             Attributes
text             0x00000000         0x00008000         xr
data             0x00800060         0x00000800         rw !x
eeprom           0x00810000         0x00000400         rw !x
fuse             0x00820000         0x00000002         rw !x
lock             0x00830000         0x00000400         rw !x
signature        0x00840000         0x00000400         rw !x
user_signatures  0x00850000         0x00000400         rw !x
*default*        0x00000000         0xffffffff

Linker script and memory map

LOAD D:/installed/7.0/Packs/atmel/ATmega_DFP/1.7.374/gcc/dev/atmega32/avr5/crtatmega32.o
LOAD ECU_Layer/Button/button.o
LOAD ECU_Layer/Ecu_Init/ecu_init.o
LOAD ECU_Layer/Keypad/keypad.o
LOAD ECU_Layer/LCD/LCD.o
LOAD ECU_Layer/LED/LED.o
LOAD main.o
LOAD MCAL_Layer/ADC/adc.o
LOAD MCAL_Layer/EXTI/EXTI.o
LOAD MCAL_Layer/Gpio/gpio.o
LOAD MCAL_Layer/Timer0/timer0.o
LOAD MCAL_Layer/Timer1/timer1.o
LOAD MCAL_Layer/USART/usart.o
START GROUP
LOAD d:/installed/7.0/toolchain/avr8/avr8-gnu-toolchain/bin/../lib/gcc/avr/5.4.0/../../../../avr/lib/avr5\libm.a
END GROUP
START GROUP
LOAD d:/installed/7.0/toolchain/avr8/avr8-gnu-toolchain/bin/../lib/gcc/avr/5.4.0/avr5\libgcc.a
LOAD d:/installed/7.0/toolchain/avr8/avr8-gnu-toolchain/bin/../lib/gcc/avr/5.4.0/../../../../avr/lib/avr5\libm.a
LOAD d:/installed/7.0/toolchain/avr8/avr8-gnu-toolchain/bin/../lib/gcc/avr/5.4.0/../../../../avr/lib/avr5\libc.a
LOAD D:/installed/7.0/Packs/atmel/ATmega_DFP/1.7.374/gcc/dev/atmega32/avr5\libatmega32.a
END GROUP
                0x00000000                __TEXT_REGION_ORIGIN__ = DEFINED (__TEXT_REGION_ORIGIN__)?__TEXT_REGION_ORIGIN__:0x0
                [0x00800060]                __DATA_REGION_ORIGIN__ = DEFINED (__DATA_REGION_ORIGIN__)?__DATA_REGION_ORIGIN__:0x800060
                [0x00008000]                __TEXT_REGION_LENGTH__ = DEFINED (__TEXT_REGION_LENGTH__)?__TEXT_REGION_LENGTH__:0x20000
                [0x00000800]                __DATA_REGION_LENGTH__ = DEFINED (__DATA_REGION_LENGTH__)?__DATA_REGION_LENGTH__:0xffa0
                [0x00000400]                __EEPROM_REGION_LENGTH__ = DEFINED (__EEPROM_REGION_LENGTH__)?__EEPROM_REGION_LENGTH__:0x10000
                [0x00000002]                __FUSE_REGION_LENGTH__ = DEFINED (__FUSE_REGION_LENGTH__)?__FUSE_REGION_LENGTH__:0x400
                0x00000400                __LOCK_REGION_LENGTH__ = DEFINED (__LOCK_REGION_LENGTH__)?__LOCK_REGION_LENGTH__:0x400
                0x00000400                __SIGNATURE_REGION_LENGTH__ = DEFINED (__SIGNATURE_REGION_LENGTH__)?__SIGNATURE_REGION_LENGTH__:0x400
                0x00000400                __USER_SIGNATURE_REGION_LENGTH__ = DEFINED (__USER_SIGNATURE_REGION_LENGTH__)?__USER_SIGNATURE_REGION_LENGTH__:0x400

.hash
 *(.hash)

.dynsym
 *(.dynsym)

.dynstr
 *(.dynstr)

.gnu.version
 *(.gnu.version)

.gnu.version_d
 *(.gnu.version_d)

.gnu.version_r
 *(.gnu.version_r)

.rel.init
 *(.rel.init)

.rela.init
 *(.rela.init)

.rel.text
 *(.rel.text)
 *(.rel.text.*)
 *(.rel.gnu.linkonce.t*)

.rela.text
 *(.rela.text)
 *(.rela.text.*)
 *(.rela.gnu.linkonce.t*)

.rel.fini
 *(.rel.fini)

.rela.fini
 *(.rela.fini)

.rel.rodata
 *(.rel.rodata)
 *(.rel.rodata.*)
 *(.rel.gnu.linkonce.r*)

.rela.rodata
 *(.rela.rodata)
 *(.rela.rodata.*)
 *(.rela.gnu.linkonce.r*)

.rel.data
 *(.rel.data)
 *(.rel.data.*)
 *(.rel.gnu.linkonce.d*)

.rela.data
 *(.rela.data)
 *(.rela.data.*)
 *(.rela.gnu.linkonce.d*)

.rel.ctors
 *(.rel.ctors)

.rela.ctors
 *(.rela.ctors)

.rel.dtors
 *(.rel.dtors)

.rela.dtors
 *(.rela.dtors)

.rel.got
 *(.rel.got)

.rela.got
 *(.rela.got)

.rel.bss
 *(.rel.bss)

.rela.bss
 *(.rela.bss)

.rel.plt
 *(.rel.plt)

.rela.plt
 *(.rela.plt)

.text           0x00000000      0x3ee
 *(.vectors)
 .vectors       0x00000000       0x54 D:/installed/7.0/Packs/atmel/ATmega_DFP/1.7.374/gcc/dev/atmega32/avr5/crtatmega32.o
                0x00000000                __vector_default
                0x00000000                __vectors
 *(.vectors)
 *(.progmem.gcc*)
                0x00000054                . = ALIGN (0x2)
                0x00000054                __trampolines_start = .
 *(.trampolines)
 .trampolines   0x00000054        0x0 linker stubs
 *(.trampolines*)
                0x00000054                __trampolines_end = .
 *libprintf_flt.a:*(.progmem.data)
 *libc.a:*(.progmem.data)
 *(.progmem*)
                0x00000054                . = ALIGN (0x2)
 *(.jumptables)
 *(.jumptables*)
 *(.lowtext)
 *(.lowtext*)
                0x00000054                __ctors_start = .
 *(.ctors)
                0x00000054                __ctors_end = .
                0x00000054                __dtors_start = .
 *(.dtors)
                0x00000054                __dtors_end = .
 SORT(*)(.ctors)
 SORT(*)(.dtors)
 *(.init0)
 .init0         0x00000054        0x0 D:/installed/7.0/Packs/atmel/ATmega_DFP/1.7.374/gcc/dev/atmega32/avr5/crtatmega32.o
                0x00000054                __init
 *(.init0)
 *(.init1)
 *(.init1)
 *(.init2)
 .init2         0x00000054        0xc D:/installed/7.0/Packs/atmel/ATmega_DFP/1.7.374/gcc/dev/atmega32/avr5/crtatmega32.o
 *(.init2)
 *(.init3)
 *(.init3)
 *(.init4)
 .init4         0x00000060       0x16 d:/installed/7.0/toolchain/avr8/avr8-gnu-toolchain/bin/../lib/gcc/avr/5.4.0/avr5\libgcc.a(_copy_data.o)
                0x00000060                __do_copy_data
 .init4         0x00000076       0x10 d:/installed/7.0/toolchain/avr8/avr8-gnu-toolchain/bin/../lib/gcc/avr/5.4.0/avr5\libgcc.a(_clear_bss.o)
                0x00000076                __do_clear_bss
 *(.init4)
 *(.init5)
 *(.init5)
 *(.init6)
 *(.init6)
 *(.init7)
 *(.init7)
 *(.init8)
 *(.init8)
 *(.init9)
 .init9         0x00000086        0x8 D:/installed/7.0/Packs/atmel/ATmega_DFP/1.7.374/gcc/dev/atmega32/avr5/crtatmega32.o
 *(.init9)
 *(.text)
 .text          0x0000008e        0x4 D:/installed/7.0/Packs/atmel/ATmega_DFP/1.7.374/gcc/dev/atmega32/avr5/crtatmega32.o
                0x0000008e                __vector_12
                0x0000008e                __bad_interrupt
                0x0000008e                __vector_13
                0x0000008e                __vector_17
                0x0000008e                __vector_19
                0x0000008e                __vector_5
                0x0000008e                __vector_4
                0x0000008e                __vector_15
                0x0000008e                __vector_8
                0x0000008e                __vector_14
                0x0000008e                __vector_18
                0x0000008e                __vector_20
                0x00000092                . = ALIGN (0x2)
 *(.text.*)
 .text.UART_Transmit
                0x00000092        0x8 main.o
                0x00000092                UART_Transmit
 .text.main     0x0000009a       0x18 main.o
                0x0000009a                main
 .text.__vector_16
                0x000000b2       0x52 MCAL_Layer/ADC/adc.o
                0x000000b2                __vector_16
 .text.__vector_1
                0x00000104       0x52 MCAL_Layer/EXTI/EXTI.o
                0x00000104                __vector_1
 .text.__vector_2
                0x00000156       0x52 MCAL_Layer/EXTI/EXTI.o
                0x00000156                __vector_2
 .text.__vector_3
                0x000001a8       0x52 MCAL_Layer/EXTI/EXTI.o
                0x000001a8                __vector_3
 .text.__vector_11
                0x000001fa       0x52 MCAL_Layer/Timer0/timer0.o
                0x000001fa                __vector_11
 .text.__vector_10
                0x0000024c       0x52 MCAL_Layer/Timer0/timer0.o
                0x0000024c                __vector_10
 .text.__vector_9
                0x0000029e       0x14 MCAL_Layer/Timer1/timer1.o
                0x0000029e                __vector_9
 .text.__vector_7
                0x000002b2       0x14 MCAL_Layer/Timer1/timer1.o
                0x000002b2                __vector_7
 .text.__vector_6
                0x000002c6       0x14 MCAL_Layer/Timer1/timer1.o
                0x000002c6                __vector_6
 .text.MCAL_USART_Init
                0x000002da       0xbc MCAL_Layer/USART/usart.o
                0x000002da                MCAL_USART_Init
 .text.MCAL_USART_TransmitData_Polling
                0x00000396        0x8 MCAL_Layer/USART/usart.o
                0x00000396                MCAL_USART_TransmitData_Polling
 .text.MCAL_USART_ReciveData_Polling
                0x0000039e        0x8 MCAL_Layer/USART/usart.o
                0x0000039e                MCAL_USART_ReciveData_Polling
 .text.libgcc.div
                0x000003a6       0x44 d:/installed/7.0/toolchain/avr8/avr8-gnu-toolchain/bin/../lib/gcc/avr/5.4.0/avr5\libgcc.a(_udivmodsi4.o)
                0x000003a6                __udivmodsi4
                0x000003ea                . = ALIGN (0x2)
 *(.fini9)
 .fini9         0x000003ea        0x0 d:/installed/7.0/toolchain/avr8/avr8-gnu-toolchain/bin/../lib/gcc/avr/5.4.0/avr5\libgcc.a(_exit.o)
                0x000003ea                _exit
                0x000003ea                exit
 *(.fini9)
 *(.fini8)
 *(.fini8)
 *(.fini7)
 *(.fini7)
 *(.fini6)
 *(.fini6)
 *(.fini5)
 *(.fini5)
 *(.fini4)
 *(.fini4)
 *(.fini3)
 *(.fini3)
 *(.fini2)
 *(.fini2)
 *(.fini1)
 *(.fini1)
 *(.fini0)
 .fini0         0x000003ea        0x4 d:/installed/7.0/toolchain/avr8/avr8-gnu-toolchain/bin/../lib/gcc/avr/5.4.0/avr5\libgcc.a(_exit.o)
 *(.fini0)
                0x000003ee                _etext = .

.data           0x00800060        0xc load address 0x000003ee
                0x00800060                PROVIDE (__data_start, .)
 *(.data)
 *(.data*)
 .data.uo       0x00800060        0xb main.o
                0x00800060                uo
 *(.gnu.linkonce.d*)
 *(.rodata)
 *(.rodata*)
 *(.gnu.linkonce.r*)
                0x0080006c                . = ALIGN (0x2)
 *fill*         0x0080006b        0x1 
                0x0080006c                _edata = .
                0x0080006c                PROVIDE (__data_end, .)

.bss            0x0080006c        0xc
                0x0080006c                PROVIDE (__bss_start, .)
 *(.bss)
 *(.bss*)
 .bss.Gp_int_handler
                0x0080006c        0x6 MCAL_Layer/EXTI/EXTI.o
                0x0080006c                Gp_int_handler
 .bss.TIMER0_CTC_InerruptHanler
                0x00800072        0x2 MCAL_Layer/Timer0/timer0.o
 .bss.TIMER0_OVF_InerruptHanler
                0x00800074        0x2 MCAL_Layer/Timer0/timer0.o
 *(COMMON)
 COMMON         0x00800076        0x2 MCAL_Layer/ADC/adc.o
                0x00800076                P_ADC_InterruptHandler
                0x00800078                PROVIDE (__bss_end, .)
                0x000003ee                __data_load_start = LOADADDR (.data)
                0x000003fa                __data_load_end = (__data_load_start + SIZEOF (.data))

.noinit         0x00800078        0x0
                [!provide]                PROVIDE (__noinit_start, .)
 *(.noinit*)
                [!provide]                PROVIDE (__noinit_end, .)
                0x00800078                _end = .
                [!provide]                PROVIDE (__heap_start, .)

.eeprom         0x00810000        0x0
 *(.eeprom*)
                0x00810000                __eeprom_end = .

.fuse
 *(.fuse)
 *(.lfuse)
 *(.hfuse)
 *(.efuse)

.lock
 *(.lock*)

.signature
 *(.signature*)

.user_signatures
 *(.user_signatures*)

.stab
 *(.stab)

.stabstr
 *(.stabstr)

.stab.excl
 *(.stab.excl)

.stab.exclstr
 *(.stab.exclstr)

.stab.index
 *(.stab.index)

.stab.indexstr
 *(.stab.indexstr)

.comment        0x00000000       0x30
 *(.comment)
 .comment       0x00000000       0x30 main.o
                                 0x31 (size before relaxing)
 .comment       0x00000030       0x31 MCAL_Layer/ADC/adc.o
 .comment       0x00000030       0x31 MCAL_Layer/EXTI/EXTI.o
 .comment       0x00000030       0x31 MCAL_Layer/Timer0/timer0.o
 .comment       0x00000030       0x31 MCAL_Layer/Timer1/timer1.o
 .comment       0x00000030       0x31 MCAL_Layer/USART/usart.o

.note.gnu.avr.deviceinfo
                0x00000000       0x3c
 .note.gnu.avr.deviceinfo
                0x00000000       0x3c D:/installed/7.0/Packs/atmel/ATmega_DFP/1.7.374/gcc/dev/atmega32/avr5/crtatmega32.o

.note.gnu.build-id
 *(.note.gnu.build-id)

.debug
 *(.debug)

.line
 *(.line)

.debug_srcinfo
 *(.debug_srcinfo)

.debug_sfnames
 *(.debug_sfnames)

.debug_aranges  0x00000000      0x1a8
 *(.debug_aranges)
 .debug_aranges
                0x00000000       0x38 main.o
 .debug_aranges
                0x00000038       0x38 MCAL_Layer/ADC/adc.o
 .debug_aranges
                0x00000070       0x48 MCAL_Layer/EXTI/EXTI.o
 .debug_aranges
                0x000000b8       0x50 MCAL_Layer/Timer0/timer0.o
 .debug_aranges
                0x00000108       0x68 MCAL_Layer/Timer1/timer1.o
 .debug_aranges
                0x00000170       0x38 MCAL_Layer/USART/usart.o

.debug_pubnames
 *(.debug_pubnames)

.debug_info     0x00000000     0x123b
 *(.debug_info .gnu.linkonce.wi.*)
 .debug_info    0x00000000      0x4e6 D:/installed/7.0/Packs/atmel/ATmega_DFP/1.7.374/gcc/dev/atmega32/avr5/crtatmega32.o
 .debug_info    0x000004e6      0x226 main.o
 .debug_info    0x0000070c      0x1c8 MCAL_Layer/ADC/adc.o
 .debug_info    0x000008d4      0x25e MCAL_Layer/EXTI/EXTI.o
 .debug_info    0x00000b32      0x223 MCAL_Layer/Timer0/timer0.o
 .debug_info    0x00000d55      0x2e2 MCAL_Layer/Timer1/timer1.o
 .debug_info    0x00001037      0x204 MCAL_Layer/USART/usart.o

.debug_abbrev   0x00000000      0xbb3
 *(.debug_abbrev)
 .debug_abbrev  0x00000000      0x4a3 D:/installed/7.0/Packs/atmel/ATmega_DFP/1.7.374/gcc/dev/atmega32/avr5/crtatmega32.o
 .debug_abbrev  0x000004a3      0x11c main.o
 .debug_abbrev  0x000005bf      0x127 MCAL_Layer/ADC/adc.o
 .debug_abbrev  0x000006e6      0x156 MCAL_Layer/EXTI/EXTI.o
 .debug_abbrev  0x0000083c      0x12f MCAL_Layer/Timer0/timer0.o
 .debug_abbrev  0x0000096b      0x16e MCAL_Layer/Timer1/timer1.o
 .debug_abbrev  0x00000ad9       0xda MCAL_Layer/USART/usart.o

.debug_line     0x00000000      0xaf5
 *(.debug_line .debug_line.* .debug_line_end)
 .debug_line    0x00000000      0x116 D:/installed/7.0/Packs/atmel/ATmega_DFP/1.7.374/gcc/dev/atmega32/avr5/crtatmega32.o
 .debug_line    0x00000116      0x133 main.o
 .debug_line    0x00000249      0x145 MCAL_Layer/ADC/adc.o
 .debug_line    0x0000038e      0x1f3 MCAL_Layer/EXTI/EXTI.o
 .debug_line    0x00000581      0x1de MCAL_Layer/Timer0/timer0.o
 .debug_line    0x0000075f      0x235 MCAL_Layer/Timer1/timer1.o
 .debug_line    0x00000994      0x161 MCAL_Layer/USART/usart.o

.debug_frame    0x00000000      0x4a0
 *(.debug_frame)
 .debug_frame   0x00000000       0x54 main.o
 .debug_frame   0x00000054       0x9c MCAL_Layer/ADC/adc.o
 .debug_frame   0x000000f0      0x158 MCAL_Layer/EXTI/EXTI.o
 .debug_frame   0x00000248      0x120 MCAL_Layer/Timer0/timer0.o
 .debug_frame   0x00000368       0xe4 MCAL_Layer/Timer1/timer1.o
 .debug_frame   0x0000044c       0x54 MCAL_Layer/USART/usart.o

.debug_str      0x00000000      0x94e
 *(.debug_str)
 .debug_str     0x00000000      0x196 D:/installed/7.0/Packs/atmel/ATmega_DFP/1.7.374/gcc/dev/atmega32/avr5/crtatmega32.o
 .debug_str     0x00000196      0x251 main.o
                                0x294 (size before relaxing)
 .debug_str     0x000003e7      0x103 MCAL_Layer/ADC/adc.o
                                0x2ba (size before relaxing)
 .debug_str     0x000004ea       0xfa MCAL_Layer/EXTI/EXTI.o
                                0x274 (size before relaxing)
 .debug_str     0x000005e4      0x159 MCAL_Layer/Timer0/timer0.o
                                0x2d9 (size before relaxing)
 .debug_str     0x0000073d      0x149 MCAL_Layer/Timer1/timer1.o
                                0x31a (size before relaxing)
 .debug_str     0x00000886       0xc8 MCAL_Layer/USART/usart.o
                                0x313 (size before relaxing)

.debug_loc      0x00000000      0x996
 *(.debug_loc)
 .debug_loc     0x00000000       0x39 main.o
 .debug_loc     0x00000039       0xf3 MCAL_Layer/ADC/adc.o
 .debug_loc     0x0000012c      0x356 MCAL_Layer/EXTI/EXTI.o
 .debug_loc     0x00000482      0x262 MCAL_Layer/Timer0/timer0.o
 .debug_loc     0x000006e4      0x20e MCAL_Layer/Timer1/timer1.o
 .debug_loc     0x000008f2       0xa4 MCAL_Layer/USART/usart.o

.debug_macinfo
 *(.debug_macinfo)

.debug_weaknames
 *(.debug_weaknames)

.debug_funcnames
 *(.debug_funcnames)

.debug_typenames
 *(.debug_typenames)

.debug_varnames
 *(.debug_varnames)

.debug_pubtypes
 *(.debug_pubtypes)

.debug_ranges   0x00000000      0x148
 *(.debug_ranges)
 .debug_ranges  0x00000000       0x28 main.o
 .debug_ranges  0x00000028       0x28 MCAL_Layer/ADC/adc.o
 .debug_ranges  0x00000050       0x38 MCAL_Layer/EXTI/EXTI.o
 .debug_ranges  0x00000088       0x40 MCAL_Layer/Timer0/timer0.o
 .debug_ranges  0x000000c8       0x58 MCAL_Layer/Timer1/timer1.o
 .debug_ranges  0x00000120       0x28 MCAL_Layer/USART/usart.o

.debug_macro
 *(.debug_macro)
OUTPUT(My_Application.elf elf32-avr)
LOAD linker stubs
